Sep  6 13:39:28 ip-172-31-6-241 kernel: Linux version 5.10.240-238.959.amzn2.x86_64 (mockbuild@ip-10-0-47-175) (gcc10-gcc (GCC) 10.5.0 20230707 (Red Hat 10.5.0-1), GNU ld version 2.35.2-9.amzn2.0.5) #1 SMP Thu Aug 7 19:21:39 UTC 2025
Sep  6 13:39:28 ip-172-31-6-241 kernel: Command line: BOOT_IMAGE=/boot/vmlinuz-5.10.240-238.959.amzn2.x86_64 root=UUID=67d4c8c1-6926-480c-849c-d03e341a9903 ro console=tty0 console=ttyS0,115200n8 net.ifnames=0 biosdevname=0 nvme_core.io_timeout=4294967295 rd.emergency=poweroff rd.shell=0
Sep  6 13:39:28 ip-172-31-6-241 kernel: KASLR enabled
Sep  6 13:39:28 ip-172-31-6-241 kernel: BIOS-provided physical RAM map:
Sep  6 13:39:28 ip-172-31-6-241 kernel: BIOS-e820: [mem 0x0000000000000000-0x000000000009fbff] usable
Sep  6 13:39:28 ip-172-31-6-241 kernel: BIOS-e820: [mem 0x000000000009fc00-0x000000000009ffff] reserved
Sep  6 13:39:28 ip-172-31-6-241 kernel: BIOS-e820: [mem 0x00000000000f0000-0x00000000000fffff] reserved
Sep  6 13:39:28 ip-172-31-6-241 kernel: BIOS-e820: [mem 0x0000000000100000-0x000000003e3e9fff] usable
Sep  6 13:39:28 ip-172-31-6-241 kernel: BIOS-e820: [mem 0x000000003e3ea000-0x000000003fffffff] reserved
Sep  6 13:39:28 ip-172-31-6-241 kernel: BIOS-e820: [mem 0x00000000e0000000-0x00000000e03fffff] reserved
Sep  6 13:39:28 ip-172-31-6-241 kernel: BIOS-e820: [mem 0x00000000fffc0000-0x00000000ffffffff] reserved
Sep  6 13:39:28 ip-172-31-6-241 kernel: NX (Execute Disable) protection: active
Sep  6 13:39:28 ip-172-31-6-241 kernel: SMBIOS 2.7 present.
Sep  6 13:39:28 ip-172-31-6-241 kernel: DMI: Amazon EC2 t3.micro/, BIOS 1.0 10/16/2017
Sep  6 13:39:28 ip-172-31-6-241 kernel: Hypervisor detected: KVM
Sep  6 13:39:28 ip-172-31-6-241 kernel: kvm-clock: Using msrs 4b564d01 and 4b564d00
Sep  6 13:39:28 ip-172-31-6-241 kernel: kvm-clock: cpu 0, msr 1c601001, primary cpu clock
Sep  6 13:39:28 ip-172-31-6-241 kernel: kvm-clock: using sched offset of 2031314370 cycles
Sep  6 13:39:28 ip-172-31-6-241 kernel: clocksource: kvm-clock: mask: 0xffffffffffffffff max_cycles: 0x1cd42e4dffb, max_idle_ns: 881590591483 ns
Sep  6 13:39:28 ip-172-31-6-241 kernel: tsc: Detected 2499.998 MHz processor
Sep  6 13:39:28 ip-172-31-6-241 kernel: last_pfn = 0x3e3ea max_arch_pfn = 0x400000000
Sep  6 13:39:28 ip-172-31-6-241 kernel: x86/PAT: Configuration [0-7]: WB  WC  UC- UC  WB  WP  UC- WT  
Sep  6 13:39:28 ip-172-31-6-241 kernel: check: Scanning 1 areas for low memory corruption
Sep  6 13:39:28 ip-172-31-6-241 kernel: Using GB pages for direct mapping
Sep  6 13:39:28 ip-172-31-6-241 kernel: RAMDISK: [mem 0x3684f000-0x3741efff]
Sep  6 13:39:28 ip-172-31-6-241 kernel: ACPI: Early table checksum verification disabled
Sep  6 13:39:28 ip-172-31-6-241 kernel: ACPI: RSDP 0x00000000000F8F40 000014 (v00 AMAZON)
Sep  6 13:39:28 ip-172-31-6-241 kernel: ACPI: RSDT 0x000000003E3EE350 000044 (v01 AMAZON AMZNRSDT 00000001 AMZN 00000001)
Sep  6 13:39:28 ip-172-31-6-241 kernel: ACPI: FACP 0x000000003E3EFF80 000074 (v01 AMAZON AMZNFACP 00000001 AMZN 00000001)
Sep  6 13:39:28 ip-172-31-6-241 kernel: ACPI: DSDT 0x000000003E3EE3A0 0010E9 (v01 AMAZON AMZNDSDT 00000001 AMZN 00000001)
Sep  6 13:39:28 ip-172-31-6-241 kernel: ACPI: FACS 0x000000003E3EFF40 000040
Sep  6 13:39:28 ip-172-31-6-241 kernel: ACPI: SSDT 0x000000003E3EF6C0 00087A (v01 AMAZON AMZNSSDT 00000001 AMZN 00000001)
Sep  6 13:39:28 ip-172-31-6-241 kernel: ACPI: APIC 0x000000003E3EF5D0 000076 (v01 AMAZON AMZNAPIC 00000001 AMZN 00000001)
Sep  6 13:39:28 ip-172-31-6-241 kernel: ACPI: SRAT 0x000000003E3EF530 0000A0 (v01 AMAZON AMZNSRAT 00000001 AMZN 00000001)
Sep  6 13:39:28 ip-172-31-6-241 kernel: ACPI: SLIT 0x000000003E3EF4C0 00006C (v01 AMAZON AMZNSLIT 00000001 AMZN 00000001)
Sep  6 13:39:28 ip-172-31-6-241 kernel: ACPI: WAET 0x000000003E3EF490 000028 (v01 AMAZON AMZNWAET 00000001 AMZN 00000001)
Sep  6 13:39:28 ip-172-31-6-241 kernel: ACPI: HPET 0x00000000000C9000 000038 (v01 AMAZON AMZNHPET 00000001 AMZN 00000001)
Sep  6 13:39:28 ip-172-31-6-241 kernel: ACPI: SSDT 0x00000000000C9040 00007B (v01 AMAZON AMZNSSDT 00000001 AMZN 00000001)
Sep  6 13:39:28 ip-172-31-6-241 kernel: ACPI: Reserving FACP table memory at [mem 0x3e3eff80-0x3e3efff3]
Sep  6 13:39:28 ip-172-31-6-241 kernel: ACPI: Reserving DSDT table memory at [mem 0x3e3ee3a0-0x3e3ef488]
Sep  6 13:39:28 ip-172-31-6-241 kernel: ACPI: Reserving FACS table memory at [mem 0x3e3eff40-0x3e3eff7f]
Sep  6 13:39:28 ip-172-31-6-241 kernel: ACPI: Reserving SSDT table memory at [mem 0x3e3ef6c0-0x3e3eff39]
Sep  6 13:39:28 ip-172-31-6-241 kernel: ACPI: Reserving APIC table memory at [mem 0x3e3ef5d0-0x3e3ef645]
Sep  6 13:39:28 ip-172-31-6-241 kernel: ACPI: Reserving SRAT table memory at [mem 0x3e3ef530-0x3e3ef5cf]
Sep  6 13:39:28 ip-172-31-6-241 kernel: ACPI: Reserving SLIT table memory at [mem 0x3e3ef4c0-0x3e3ef52b]
Sep  6 13:39:28 ip-172-31-6-241 kernel: ACPI: Reserving WAET table memory at [mem 0x3e3ef490-0x3e3ef4b7]
Sep  6 13:39:28 ip-172-31-6-241 kernel: ACPI: Reserving HPET table memory at [mem 0xc9000-0xc9037]
Sep  6 13:39:28 ip-172-31-6-241 kernel: ACPI: Reserving SSDT table memory at [mem 0xc9040-0xc90ba]
Sep  6 13:39:28 ip-172-31-6-241 kernel: SRAT: PXM 0 -> APIC 0x00 -> Node 0
Sep  6 13:39:28 ip-172-31-6-241 kernel: SRAT: PXM 0 -> APIC 0x01 -> Node 0
Sep  6 13:39:28 ip-172-31-6-241 kernel: ACPI: SRAT: Node 0 PXM 0 [mem 0x00000000-0x3fffffff]
Sep  6 13:39:28 ip-172-31-6-241 kernel: NODE_DATA(0) allocated [mem 0x3e3c7000-0x3e3e8fff]
Sep  6 13:39:28 ip-172-31-6-241 kernel: Zone ranges:
Sep  6 13:39:28 ip-172-31-6-241 kernel:  DMA      [mem 0x0000000000001000-0x0000000000ffffff]
Sep  6 13:39:28 ip-172-31-6-241 kernel:  DMA32    [mem 0x0000000001000000-0x000000003e3e9fff]
Sep  6 13:39:28 ip-172-31-6-241 kernel:  Normal   empty
Sep  6 13:39:28 ip-172-31-6-241 kernel: Movable zone start for each node
Sep  6 13:39:28 ip-172-31-6-241 kernel: Early memory node ranges
Sep  6 13:39:28 ip-172-31-6-241 kernel:  node   0: [mem 0x0000000000001000-0x000000000009efff]
Sep  6 13:39:28 ip-172-31-6-241 kernel:  node   0: [mem 0x0000000000100000-0x000000003e3e9fff]
Sep  6 13:39:28 ip-172-31-6-241 kernel: Initmem setup node 0 [mem 0x0000000000001000-0x000000003e3e9fff]
Sep  6 13:39:28 ip-172-31-6-241 kernel: On node 0, zone DMA: 1 pages in unavailable ranges
Sep  6 13:39:28 ip-172-31-6-241 kernel: On node 0, zone DMA: 97 pages in unavailable ranges
Sep  6 13:39:28 ip-172-31-6-241 kernel: On node 0, zone DMA32: 7190 pages in unavailable ranges
Sep  6 13:39:28 ip-172-31-6-241 kernel: ACPI: PM-Timer IO Port: 0xb008
Sep  6 13:39:28 ip-172-31-6-241 kernel: ACPI: LAPIC_NMI (acpi_id[0xff] dfl dfl lint[0x1])
Sep  6 13:39:28 ip-172-31-6-241 kernel: IOAPIC[0]: apic_id 0, version 32, address 0xfec00000, GSI 0-23
Sep  6 13:39:28 ip-172-31-6-241 kernel: ACPI: INT_SRC_OVR (bus 0 bus_irq 5 global_irq 5 high level)
Sep  6 13:39:28 ip-172-31-6-241 kernel: ACPI: INT_SRC_OVR (bus 0 bus_irq 9 global_irq 9 high level)
Sep  6 13:39:28 ip-172-31-6-241 kernel: ACPI: INT_SRC_OVR (bus 0 bus_irq 10 global_irq 10 high level)
Sep  6 13:39:28 ip-172-31-6-241 kernel: ACPI: INT_SRC_OVR (bus 0 bus_irq 11 global_irq 11 high level)
Sep  6 13:39:28 ip-172-31-6-241 kernel: Using ACPI (MADT) for SMP configuration information
Sep  6 13:39:28 ip-172-31-6-241 kernel: ACPI: HPET id: 0x8086a201 base: 0xfed00000
Sep  6 13:39:28 ip-172-31-6-241 kernel: TSC deadline timer available
Sep  6 13:39:28 ip-172-31-6-241 kernel: smpboot: Allowing 2 CPUs, 0 hotplug CPUs
Sep  6 13:39:28 ip-172-31-6-241 kernel: PM: hibernation: Registered nosave memory: [mem 0x00000000-0x00000fff]
Sep  6 13:39:28 ip-172-31-6-241 kernel: PM: hibernation: Registered nosave memory: [mem 0x0009f000-0x000fffff]
Sep  6 13:39:28 ip-172-31-6-241 kernel: [mem 0x40000000-0xdfffffff] available for PCI devices
Sep  6 13:39:28 ip-172-31-6-241 kernel: Booting paravirtualized kernel on KVM
Sep  6 13:39:28 ip-172-31-6-241 kernel: clocksource: refined-jiffies: mask: 0xffffffff max_cycles: 0xffffffff, max_idle_ns: 7645519600211568 ns
Sep  6 13:39:28 ip-172-31-6-241 kernel: setup_percpu: NR_CPUS:8192 nr_cpumask_bits:2 nr_cpu_ids:2 nr_node_ids:1
Sep  6 13:39:28 ip-172-31-6-241 kernel: percpu: Embedded 62 pages/cpu s217088 r8192 d28672 u1048576
Sep  6 13:39:28 ip-172-31-6-241 kernel: kvm-guest: stealtime: cpu 0, msr 3d034080
Sep  6 13:39:28 ip-172-31-6-241 kernel: kvm-guest: PV spinlocks enabled
Sep  6 13:39:28 ip-172-31-6-241 kernel: PV qspinlock hash table entries: 256 (order: 0, 4096 bytes, linear)
Sep  6 13:39:28 ip-172-31-6-241 kernel: Built 1 zonelists, mobility grouping on.  Total pages: 250851
Sep  6 13:39:28 ip-172-31-6-241 kernel: Policy zone: DMA32
Sep  6 13:39:28 ip-172-31-6-241 kernel: Kernel command line: BOOT_IMAGE=/boot/vmlinuz-5.10.240-238.959.amzn2.x86_64 root=UUID=67d4c8c1-6926-480c-849c-d03e341a9903 ro console=tty0 console=ttyS0,115200n8 net.ifnames=0 biosdevname=0 nvme_core.io_timeout=4294967295 rd.emergency=poweroff rd.shell=0
Sep  6 13:39:28 ip-172-31-6-241 kernel: Fallback order for Node 0: 0 
Sep  6 13:39:28 ip-172-31-6-241 kernel: Dentry cache hash table entries: 131072 (order: 8, 1048576 bytes, linear)
Sep  6 13:39:28 ip-172-31-6-241 kernel: Inode-cache hash table entries: 65536 (order: 7, 524288 bytes, linear)
Sep  6 13:39:28 ip-172-31-6-241 kernel: mem auto-init: stack:off, heap alloc:off, heap free:off
Sep  6 13:39:28 ip-172-31-6-241 kernel: Memory: 261408K/1019424K available (12301K kernel code, 9446K rwdata, 8076K rodata, 2476K init, 18724K bss, 88184K reserved, 0K cma-reserved)
Sep  6 13:39:28 ip-172-31-6-241 kernel: SLUB: HWalign=64, Order=0-3, MinObjects=0, CPUs=2, Nodes=1
Sep  6 13:39:28 ip-172-31-6-241 kernel: Kernel/User page tables isolation: enabled
Sep  6 13:39:28 ip-172-31-6-241 kernel: ftrace: allocating 40231 entries in 158 pages
Sep  6 13:39:28 ip-172-31-6-241 kernel: ftrace: allocated 158 pages with 5 groups
Sep  6 13:39:28 ip-172-31-6-241 kernel: rcu: Hierarchical RCU implementation.
Sep  6 13:39:28 ip-172-31-6-241 kernel: rcu: #011RCU restricting CPUs from NR_CPUS=8192 to nr_cpu_ids=2.
Sep  6 13:39:28 ip-172-31-6-241 kernel: #011Rude variant of Tasks RCU enabled.
Sep  6 13:39:28 ip-172-31-6-241 kernel: #011Tracing variant of Tasks RCU enabled.
Sep  6 13:39:28 ip-172-31-6-241 kernel: rcu: RCU calculated value of scheduler-enlistment delay is 25 jiffies.
Sep  6 13:39:28 ip-172-31-6-241 kernel: rcu: Adjusting geometry for rcu_fanout_leaf=16, nr_cpu_ids=2
Sep  6 13:39:28 ip-172-31-6-241 kernel: NR_IRQS: 524544, nr_irqs: 440, preallocated irqs: 16
Sep  6 13:39:28 ip-172-31-6-241 kernel: random: crng init done
Sep  6 13:39:28 ip-172-31-6-241 kernel: Console: colour VGA+ 80x25
Sep  6 13:39:28 ip-172-31-6-241 kernel: printk: console [tty0] enabled
Sep  6 13:39:28 ip-172-31-6-241 kernel: printk: console [ttyS0] enabled
Sep  6 13:39:28 ip-172-31-6-241 kernel: ACPI: Core revision 20200925
Sep  6 13:39:28 ip-172-31-6-241 kernel: clocksource: hpet: mask: 0xffffffff max_cycles: 0xffffffff, max_idle_ns: 30580167144 ns
Sep  6 13:39:28 ip-172-31-6-241 kernel: APIC: Switch to symmetric I/O mode setup
Sep  6 13:39:28 ip-172-31-6-241 kernel: x2apic enabled
Sep  6 13:39:28 ip-172-31-6-241 kernel: Switched APIC routing to physical x2apic.
Sep  6 13:39:28 ip-172-31-6-241 kernel: clocksource: tsc-early: mask: 0xffffffffffffffff max_cycles: 0x240937b9988, max_idle_ns: 440795218083 ns
Sep  6 13:39:28 ip-172-31-6-241 kernel: Calibrating delay loop (skipped) preset value.. 4999.99 BogoMIPS (lpj=9999992)
Sep  6 13:39:28 ip-172-31-6-241 kernel: Last level iTLB entries: 4KB 64, 2MB 8, 4MB 8
Sep  6 13:39:28 ip-172-31-6-241 kernel: Last level dTLB entries: 4KB 64, 2MB 32, 4MB 32, 1GB 4
Sep  6 13:39:28 ip-172-31-6-241 kernel: Spectre V1 : Mitigation: usercopy/swapgs barriers and __user pointer sanitization
Sep  6 13:39:28 ip-172-31-6-241 kernel: Spectre V2 : Mitigation: Retpolines
Sep  6 13:39:28 ip-172-31-6-241 kernel: Spectre V2 : Spectre v2 / SpectreRSB mitigation: Filling RSB on context switch
Sep  6 13:39:28 ip-172-31-6-241 kernel: Spectre V2 : Spectre v2 / SpectreRSB : Filling RSB on VMEXIT
Sep  6 13:39:28 ip-172-31-6-241 kernel: RETBleed: WARNING: Spectre v2 mitigation leaves CPU vulnerable to RETBleed attacks, data leaks possible!
Sep  6 13:39:28 ip-172-31-6-241 kernel: RETBleed: Vulnerable
Sep  6 13:39:28 ip-172-31-6-241 kernel: Speculative Store Bypass: Vulnerable
Sep  6 13:39:28 ip-172-31-6-241 kernel: MDS: Vulnerable: Clear CPU buffers attempted, no microcode
Sep  6 13:39:28 ip-172-31-6-241 kernel: MMIO Stale Data: Vulnerable: Clear CPU buffers attempted, no microcode
Sep  6 13:39:28 ip-172-31-6-241 kernel: GDS: Unknown: Dependent on hypervisor status
Sep  6 13:39:28 ip-172-31-6-241 kernel: ITS: Mitigation: Aligned branch/return thunks
Sep  6 13:39:28 ip-172-31-6-241 kernel: x86/fpu: Supporting XSAVE feature 0x001: 'x87 floating point registers'
Sep  6 13:39:28 ip-172-31-6-241 kernel: x86/fpu: Supporting XSAVE feature 0x002: 'SSE registers'
Sep  6 13:39:28 ip-172-31-6-241 kernel: x86/fpu: Supporting XSAVE feature 0x004: 'AVX registers'
Sep  6 13:39:28 ip-172-31-6-241 kernel: x86/fpu: Supporting XSAVE feature 0x008: 'MPX bounds registers'
Sep  6 13:39:28 ip-172-31-6-241 kernel: x86/fpu: Supporting XSAVE feature 0x010: 'MPX CSR'
Sep  6 13:39:28 ip-172-31-6-241 kernel: x86/fpu: Supporting XSAVE feature 0x020: 'AVX-512 opmask'
Sep  6 13:39:28 ip-172-31-6-241 kernel: x86/fpu: Supporting XSAVE feature 0x040: 'AVX-512 Hi256'
Sep  6 13:39:28 ip-172-31-6-241 kernel: x86/fpu: Supporting XSAVE feature 0x080: 'AVX-512 ZMM_Hi256'
Sep  6 13:39:28 ip-172-31-6-241 kernel: x86/fpu: Supporting XSAVE feature 0x200: 'Protection Keys User registers'
Sep  6 13:39:28 ip-172-31-6-241 kernel: x86/fpu: xstate_offset[2]:  576, xstate_sizes[2]:  256
Sep  6 13:39:28 ip-172-31-6-241 kernel: x86/fpu: xstate_offset[3]:  832, xstate_sizes[3]:   64
Sep  6 13:39:28 ip-172-31-6-241 kernel: x86/fpu: xstate_offset[4]:  896, xstate_sizes[4]:   64
Sep  6 13:39:28 ip-172-31-6-241 kernel: x86/fpu: xstate_offset[5]:  960, xstate_sizes[5]:   64
Sep  6 13:39:28 ip-172-31-6-241 kernel: x86/fpu: xstate_offset[6]: 1024, xstate_sizes[6]:  512
Sep  6 13:39:28 ip-172-31-6-241 kernel: x86/fpu: xstate_offset[7]: 1536, xstate_sizes[7]: 1024
Sep  6 13:39:28 ip-172-31-6-241 kernel: x86/fpu: xstate_offset[9]: 2560, xstate_sizes[9]:    8
Sep  6 13:39:28 ip-172-31-6-241 kernel: x86/fpu: Enabled xstate features 0x2ff, context size is 2568 bytes, using 'compacted' format.
Sep  6 13:39:28 ip-172-31-6-241 kernel: Freeing SMP alternatives memory: 32K
Sep  6 13:39:28 ip-172-31-6-241 kernel: pid_max: default: 32768 minimum: 301
Sep  6 13:39:28 ip-172-31-6-241 kernel: LSM: Security Framework initializing
Sep  6 13:39:28 ip-172-31-6-241 kernel: Yama: becoming mindful.
Sep  6 13:39:28 ip-172-31-6-241 kernel: SELinux:  Initializing.
Sep  6 13:39:28 ip-172-31-6-241 kernel: LSM support for eBPF active
Sep  6 13:39:28 ip-172-31-6-241 kernel: Mount-cache hash table entries: 2048 (order: 2, 16384 bytes, linear)
Sep  6 13:39:28 ip-172-31-6-241 kernel: Mountpoint-cache hash table entries: 2048 (order: 2, 16384 bytes, linear)
Sep  6 13:39:28 ip-172-31-6-241 kernel: smpboot: CPU0: Intel(R) Xeon(R) Platinum 8175M CPU @ 2.50GHz (family: 0x6, model: 0x55, stepping: 0x4)
Sep  6 13:39:28 ip-172-31-6-241 kernel: Performance Events: unsupported p6 CPU model 85 no PMU driver, software events only.
Sep  6 13:39:28 ip-172-31-6-241 kernel: rcu: Hierarchical SRCU implementation.
Sep  6 13:39:28 ip-172-31-6-241 kernel: NMI watchdog: Perf NMI watchdog permanently disabled
Sep  6 13:39:28 ip-172-31-6-241 kernel: smp: Bringing up secondary CPUs ...
Sep  6 13:39:28 ip-172-31-6-241 kernel: x86: Booting SMP configuration:
Sep  6 13:39:28 ip-172-31-6-241 kernel: .... node  #0, CPUs:      #1
Sep  6 13:39:28 ip-172-31-6-241 kernel: kvm-clock: cpu 1, msr 1c601041, secondary cpu clock
Sep  6 13:39:28 ip-172-31-6-241 kernel: kvm-guest: stealtime: cpu 1, msr 3d134080
Sep  6 13:39:28 ip-172-31-6-241 kernel: Transient Scheduler Attacks: MDS CPU bug present and SMT on, data leak possible. See https://www.kernel.org/doc/html/latest/admin-guide/hw-vuln/mds.html for more details.
Sep  6 13:39:28 ip-172-31-6-241 kernel: Transient Scheduler Attacks: MMIO Stale Data CPU bug present and SMT on, data leak possible. See https://www.kernel.org/doc/html/latest/admin-guide/hw-vuln/processor_mmio_stale_data.html for more details.
Sep  6 13:39:28 ip-172-31-6-241 kernel: smp: Brought up 1 node, 2 CPUs
Sep  6 13:39:28 ip-172-31-6-241 kernel: smpboot: Max logical packages: 1
Sep  6 13:39:28 ip-172-31-6-241 kernel: smpboot: Total of 2 processors activated (9999.99 BogoMIPS)
Sep  6 13:39:28 ip-172-31-6-241 kernel: node 0 deferred pages initialised in 0ms
Sep  6 13:39:28 ip-172-31-6-241 kernel: devtmpfs: initialized
Sep  6 13:39:28 ip-172-31-6-241 kernel: x86/mm: Memory block size: 128MB
Sep  6 13:39:28 ip-172-31-6-241 kernel: clocksource: jiffies: mask: 0xffffffff max_cycles: 0xffffffff, max_idle_ns: 7645041785100000 ns
Sep  6 13:39:28 ip-172-31-6-241 kernel: futex hash table entries: 512 (order: 3, 32768 bytes, linear)
Sep  6 13:39:28 ip-172-31-6-241 kernel: NET: Registered protocol family 16
Sep  6 13:39:28 ip-172-31-6-241 kernel: DMA: preallocated 128 KiB GFP_KERNEL pool for atomic allocations
Sep  6 13:39:28 ip-172-31-6-241 kernel: DMA: preallocated 128 KiB GFP_KERNEL|GFP_DMA pool for atomic allocations
Sep  6 13:39:28 ip-172-31-6-241 kernel: DMA: preallocated 128 KiB GFP_KERNEL|GFP_DMA32 pool for atomic allocations
Sep  6 13:39:28 ip-172-31-6-241 kernel: audit: initializing netlink subsys (disabled)
Sep  6 13:39:28 ip-172-31-6-241 kernel: audit: type=2000 audit(1757165967.032:1): state=initialized audit_enabled=0 res=1
Sep  6 13:39:28 ip-172-31-6-241 kernel: thermal_sys: Registered thermal governor 'fair_share'
Sep  6 13:39:28 ip-172-31-6-241 kernel: thermal_sys: Registered thermal governor 'step_wise'
Sep  6 13:39:28 ip-172-31-6-241 kernel: thermal_sys: Registered thermal governor 'user_space'
Sep  6 13:39:28 ip-172-31-6-241 kernel: cpuidle: using governor ladder
Sep  6 13:39:28 ip-172-31-6-241 kernel: cpuidle: using governor menu
Sep  6 13:39:28 ip-172-31-6-241 kernel: ACPI: bus type PCI registered
Sep  6 13:39:28 ip-172-31-6-241 kernel: acpiphp: ACPI Hot Plug PCI Controller Driver version: 0.5
Sep  6 13:39:28 ip-172-31-6-241 kernel: PCI: Using configuration type 1 for base access
Sep  6 13:39:28 ip-172-31-6-241 kernel: Kprobes globally optimized
Sep  6 13:39:28 ip-172-31-6-241 kernel: HugeTLB registered 1.00 GiB page size, pre-allocated 0 pages
Sep  6 13:39:28 ip-172-31-6-241 kernel: HugeTLB registered 2.00 MiB page size, pre-allocated 0 pages
Sep  6 13:39:28 ip-172-31-6-241 kernel: ACPI: Added _OSI(Module Device)
Sep  6 13:39:28 ip-172-31-6-241 kernel: ACPI: Added _OSI(Processor Device)
Sep  6 13:39:28 ip-172-31-6-241 kernel: ACPI: Added _OSI(Processor Aggregator Device)
Sep  6 13:39:28 ip-172-31-6-241 kernel: ACPI: Added _OSI(Linux-Dell-Video)
Sep  6 13:39:28 ip-172-31-6-241 kernel: ACPI: Added _OSI(Linux-Lenovo-NV-HDMI-Audio)
Sep  6 13:39:28 ip-172-31-6-241 kernel: ACPI: Added _OSI(Linux-HPI-Hybrid-Graphics)
Sep  6 13:39:28 ip-172-31-6-241 kernel: ACPI: 3 ACPI AML tables successfully acquired and loaded
Sep  6 13:39:28 ip-172-31-6-241 kernel: ACPI: Interpreter enabled
Sep  6 13:39:28 ip-172-31-6-241 kernel: ACPI: (supports S0 S4 S5)
Sep  6 13:39:28 ip-172-31-6-241 kernel: ACPI: Using IOAPIC for interrupt routing
Sep  6 13:39:28 ip-172-31-6-241 kernel: PCI: Using host bridge windows from ACPI; if necessary, use "pci=nocrs" and report a bug
Sep  6 13:39:28 ip-172-31-6-241 kernel: ACPI: Enabled 16 GPEs in block 00 to 0F
Sep  6 13:39:28 ip-172-31-6-241 kernel: ACPI: PCI Root Bridge [PCI0] (domain 0000 [bus 00-ff])
Sep  6 13:39:28 ip-172-31-6-241 kernel: acpi PNP0A03:00: _OSC: OS supports [ASPM ClockPM Segments MSI HPX-Type3]
Sep  6 13:39:28 ip-172-31-6-241 kernel: acpi PNP0A03:00: fail to add MMCONFIG information, can't access extended PCI configuration space under this bridge.
Sep  6 13:39:28 ip-172-31-6-241 kernel: acpiphp: Slot [3] registered
Sep  6 13:39:28 ip-172-31-6-241 kernel: acpiphp: Slot [4] registered
Sep  6 13:39:28 ip-172-31-6-241 kernel: acpiphp: Slot [5] registered
Sep  6 13:39:28 ip-172-31-6-241 kernel: acpiphp: Slot [6] registered
Sep  6 13:39:28 ip-172-31-6-241 kernel: acpiphp: Slot [7] registered
Sep  6 13:39:28 ip-172-31-6-241 kernel: acpiphp: Slot [8] registered
Sep  6 13:39:28 ip-172-31-6-241 kernel: acpiphp: Slot [9] registered
Sep  6 13:39:28 ip-172-31-6-241 kernel: acpiphp: Slot [10] registered
Sep  6 13:39:28 ip-172-31-6-241 kernel: acpiphp: Slot [11] registered
Sep  6 13:39:28 ip-172-31-6-241 kernel: acpiphp: Slot [12] registered
Sep  6 13:39:28 ip-172-31-6-241 kernel: acpiphp: Slot [13] registered
Sep  6 13:39:28 ip-172-31-6-241 kernel: acpiphp: Slot [14] registered
Sep  6 13:39:28 ip-172-31-6-241 kernel: acpiphp: Slot [15] registered
Sep  6 13:39:28 ip-172-31-6-241 kernel: acpiphp: Slot [16] registered
Sep  6 13:39:28 ip-172-31-6-241 kernel: acpiphp: Slot [17] registered
Sep  6 13:39:28 ip-172-31-6-241 kernel: acpiphp: Slot [18] registered
Sep  6 13:39:28 ip-172-31-6-241 kernel: acpiphp: Slot [19] registered
Sep  6 13:39:28 ip-172-31-6-241 kernel: acpiphp: Slot [20] registered
Sep  6 13:39:28 ip-172-31-6-241 kernel: acpiphp: Slot [21] registered
Sep  6 13:39:28 ip-172-31-6-241 kernel: acpiphp: Slot [22] registered
Sep  6 13:39:28 ip-172-31-6-241 kernel: acpiphp: Slot [23] registered
Sep  6 13:39:28 ip-172-31-6-241 kernel: acpiphp: Slot [24] registered
Sep  6 13:39:28 ip-172-31-6-241 kernel: acpiphp: Slot [25] registered
Sep  6 13:39:28 ip-172-31-6-241 kernel: acpiphp: Slot [26] registered
Sep  6 13:39:28 ip-172-31-6-241 kernel: acpiphp: Slot [27] registered
Sep  6 13:39:28 ip-172-31-6-241 kernel: acpiphp: Slot [28] registered
Sep  6 13:39:28 ip-172-31-6-241 kernel: acpiphp: Slot [29] registered
Sep  6 13:39:28 ip-172-31-6-241 kernel: acpiphp: Slot [30] registered
Sep  6 13:39:28 ip-172-31-6-241 kernel: acpiphp: Slot [31] registered
Sep  6 13:39:28 ip-172-31-6-241 kernel: PCI host bridge to bus 0000:00
Sep  6 13:39:28 ip-172-31-6-241 kernel: pci_bus 0000:00: root bus resource [io  0x0000-0x0cf7 window]
Sep  6 13:39:28 ip-172-31-6-241 kernel: pci_bus 0000:00: root bus resource [io  0x0d00-0xffff window]
Sep  6 13:39:28 ip-172-31-6-241 kernel: pci_bus 0000:00: root bus resource [mem 0x000a0000-0x000bffff window]
Sep  6 13:39:28 ip-172-31-6-241 kernel: pci_bus 0000:00: root bus resource [mem 0x80000000-0xfebfffff window]
Sep  6 13:39:28 ip-172-31-6-241 kernel: pci_bus 0000:00: root bus resource [bus 00-ff]
Sep  6 13:39:28 ip-172-31-6-241 kernel: pci 0000:00:00.0: [8086:1237] type 00 class 0x060000
Sep  6 13:39:28 ip-172-31-6-241 kernel: pci 0000:00:01.0: [8086:7000] type 00 class 0x060100
Sep  6 13:39:28 ip-172-31-6-241 kernel: pci 0000:00:01.3: [8086:7113] type 00 class 0x000000
Sep  6 13:39:28 ip-172-31-6-241 kernel: pci 0000:00:01.3: quirk: [io  0xb000-0xb03f] claimed by PIIX4 ACPI
Sep  6 13:39:28 ip-172-31-6-241 kernel: pci 0000:00:01.3: quirk: [io  0xb100-0xb10f] claimed by PIIX4 SMB
Sep  6 13:39:28 ip-172-31-6-241 kernel: pci 0000:00:01.3: PIIX4 devres E PIO at fff0-ffff
Sep  6 13:39:28 ip-172-31-6-241 kernel: pci 0000:00:01.3: PIIX4 devres F MMIO at ffc00000-ffffffff
Sep  6 13:39:28 ip-172-31-6-241 kernel: pci 0000:00:01.3: PIIX4 devres G PIO at fff0-ffff
Sep  6 13:39:28 ip-172-31-6-241 kernel: pci 0000:00:01.3: PIIX4 devres H MMIO at ffc00000-ffffffff
Sep  6 13:39:28 ip-172-31-6-241 kernel: pci 0000:00:01.3: PIIX4 devres I PIO at fff0-ffff
Sep  6 13:39:28 ip-172-31-6-241 kernel: pci 0000:00:01.3: PIIX4 devres J PIO at fff0-ffff
Sep  6 13:39:28 ip-172-31-6-241 kernel: pci 0000:00:01.3: quirk_piix4_acpi+0x0/0x170 took 31250 usecs
Sep  6 13:39:28 ip-172-31-6-241 kernel: pci 0000:00:03.0: [1d0f:1111] type 00 class 0x030000
Sep  6 13:39:28 ip-172-31-6-241 kernel: pci 0000:00:03.0: reg 0x10: [mem 0xfe400000-0xfe7fffff pref]
Sep  6 13:39:28 ip-172-31-6-241 kernel: pci 0000:00:03.0: reg 0x30: [mem 0xfebe0000-0xfebeffff pref]
Sep  6 13:39:28 ip-172-31-6-241 kernel: pci 0000:00:04.0: [1d0f:8061] type 00 class 0x010802
Sep  6 13:39:28 ip-172-31-6-241 kernel: pci 0000:00:04.0: reg 0x10: [mem 0xfebf0000-0xfebf3fff]
Sep  6 13:39:28 ip-172-31-6-241 kernel: pci 0000:00:05.0: [1d0f:ec20] type 00 class 0x020000
Sep  6 13:39:28 ip-172-31-6-241 kernel: pci 0000:00:05.0: reg 0x10: [mem 0xfebf4000-0xfebf7fff]
Sep  6 13:39:28 ip-172-31-6-241 kernel: ACPI: PCI Interrupt Link [LNKA] (IRQs 5 *10 11)
Sep  6 13:39:28 ip-172-31-6-241 kernel: ACPI: PCI Interrupt Link [LNKB] (IRQs 5 *10 11)
Sep  6 13:39:28 ip-172-31-6-241 kernel: ACPI: PCI Interrupt Link [LNKC] (IRQs 5 10 *11)
Sep  6 13:39:28 ip-172-31-6-241 kernel: ACPI: PCI Interrupt Link [LNKD] (IRQs 5 10 *11)
Sep  6 13:39:28 ip-172-31-6-241 kernel: ACPI: PCI Interrupt Link [LNKS] (IRQs *9)
Sep  6 13:39:28 ip-172-31-6-241 kernel: iommu: Default domain type: Translated 
Sep  6 13:39:28 ip-172-31-6-241 kernel: pci 0000:00:03.0: vgaarb: setting as boot VGA device
Sep  6 13:39:28 ip-172-31-6-241 kernel: pci 0000:00:03.0: vgaarb: VGA device added: decodes=io+mem,owns=io+mem,locks=none
Sep  6 13:39:28 ip-172-31-6-241 kernel: pci 0000:00:03.0: vgaarb: bridge control possible
Sep  6 13:39:28 ip-172-31-6-241 kernel: vgaarb: loaded
Sep  6 13:39:28 ip-172-31-6-241 kernel: EDAC MC: Ver: 3.0.0
Sep  6 13:39:28 ip-172-31-6-241 kernel: NetLabel: Initializing
Sep  6 13:39:28 ip-172-31-6-241 kernel: NetLabel:  domain hash size = 128
Sep  6 13:39:28 ip-172-31-6-241 kernel: NetLabel:  protocols = UNLABELED CIPSOv4 CALIPSO
Sep  6 13:39:28 ip-172-31-6-241 kernel: NetLabel:  unlabeled traffic allowed by default
Sep  6 13:39:28 ip-172-31-6-241 kernel: PCI: Using ACPI for IRQ routing
Sep  6 13:39:28 ip-172-31-6-241 kernel: hpet0: at MMIO 0xfed00000, IRQs 2, 8, 0, 0, 0, 0, 0, 0
Sep  6 13:39:28 ip-172-31-6-241 kernel: hpet0: 8 comparators, 32-bit 62.500000 MHz counter
Sep  6 13:39:28 ip-172-31-6-241 kernel: clocksource: Switched to clocksource kvm-clock
Sep  6 13:39:28 ip-172-31-6-241 kernel: VFS: Disk quotas dquot_6.6.0
Sep  6 13:39:28 ip-172-31-6-241 kernel: VFS: Dquot-cache hash table entries: 512 (order 0, 4096 bytes)
Sep  6 13:39:28 ip-172-31-6-241 kernel: pnp: PnP ACPI init
Sep  6 13:39:28 ip-172-31-6-241 kernel: pnp: PnP ACPI: found 5 devices
Sep  6 13:39:28 ip-172-31-6-241 kernel: clocksource: acpi_pm: mask: 0xffffff max_cycles: 0xffffff, max_idle_ns: 2085701024 ns
Sep  6 13:39:28 ip-172-31-6-241 kernel: NET: Registered protocol family 2
Sep  6 13:39:28 ip-172-31-6-241 kernel: IP idents hash table entries: 16384 (order: 5, 131072 bytes, linear)
Sep  6 13:39:28 ip-172-31-6-241 kernel: tcp_listen_portaddr_hash hash table entries: 512 (order: 1, 8192 bytes, linear)
Sep  6 13:39:28 ip-172-31-6-241 kernel: TCP established hash table entries: 8192 (order: 4, 65536 bytes, linear)
Sep  6 13:39:28 ip-172-31-6-241 kernel: TCP bind hash table entries: 8192 (order: 5, 131072 bytes, linear)
Sep  6 13:39:28 ip-172-31-6-241 kernel: TCP: Hash tables configured (established 8192 bind 8192)
Sep  6 13:39:28 ip-172-31-6-241 kernel: MPTCP token hash table entries: 1024 (order: 2, 24576 bytes, linear)
Sep  6 13:39:28 ip-172-31-6-241 kernel: UDP hash table entries: 512 (order: 2, 16384 bytes, linear)
Sep  6 13:39:28 ip-172-31-6-241 kernel: UDP-Lite hash table entries: 512 (order: 2, 16384 bytes, linear)
Sep  6 13:39:28 ip-172-31-6-241 kernel: NET: Registered protocol family 1
Sep  6 13:39:28 ip-172-31-6-241 kernel: NET: Registered protocol family 44
Sep  6 13:39:28 ip-172-31-6-241 kernel: pci_bus 0000:00: resource 4 [io  0x0000-0x0cf7 window]
Sep  6 13:39:28 ip-172-31-6-241 kernel: pci_bus 0000:00: resource 5 [io  0x0d00-0xffff window]
Sep  6 13:39:28 ip-172-31-6-241 kernel: pci_bus 0000:00: resource 6 [mem 0x000a0000-0x000bffff window]
Sep  6 13:39:28 ip-172-31-6-241 kernel: pci_bus 0000:00: resource 7 [mem 0x80000000-0xfebfffff window]
Sep  6 13:39:28 ip-172-31-6-241 kernel: pci 0000:00:00.0: Limiting direct PCI/PCI transfers
Sep  6 13:39:28 ip-172-31-6-241 kernel: pci 0000:00:01.0: Activating ISA DMA hang workarounds
Sep  6 13:39:28 ip-172-31-6-241 kernel: pci 0000:00:03.0: Video device with shadowed ROM at [mem 0x000c0000-0x000dffff]
Sep  6 13:39:28 ip-172-31-6-241 kernel: PCI: CLS 0 bytes, default 64
Sep  6 13:39:28 ip-172-31-6-241 kernel: Trying to unpack rootfs image as initramfs...
Sep  6 13:39:28 ip-172-31-6-241 kernel: Freeing initrd memory: 12096K
Sep  6 13:39:28 ip-172-31-6-241 kernel: clocksource: tsc: mask: 0xffffffffffffffff max_cycles: 0x240937b9988, max_idle_ns: 440795218083 ns
Sep  6 13:39:28 ip-172-31-6-241 kernel: clocksource: Switched to clocksource tsc
Sep  6 13:39:28 ip-172-31-6-241 kernel: check: Scanning for low memory corruption every 60 seconds
Sep  6 13:39:28 ip-172-31-6-241 kernel: Initialise system trusted keyrings
Sep  6 13:39:28 ip-172-31-6-241 kernel: Key type blacklist registered
Sep  6 13:39:28 ip-172-31-6-241 kernel: workingset: timestamp_bits=36 max_order=18 bucket_order=0
Sep  6 13:39:28 ip-172-31-6-241 kernel: zbud: loaded
Sep  6 13:39:28 ip-172-31-6-241 kernel: SGI XFS with ACLs, security attributes, quota, no debug enabled
Sep  6 13:39:28 ip-172-31-6-241 kernel: Key type asymmetric registered
Sep  6 13:39:28 ip-172-31-6-241 kernel: Asymmetric key parser 'x509' registered
Sep  6 13:39:28 ip-172-31-6-241 kernel: Block layer SCSI generic (bsg) driver version 0.4 loaded (major 251)
Sep  6 13:39:28 ip-172-31-6-241 kernel: io scheduler mq-deadline registered
Sep  6 13:39:28 ip-172-31-6-241 kernel: io scheduler kyber registered
Sep  6 13:39:28 ip-172-31-6-241 kernel: io scheduler bfq registered
Sep  6 13:39:28 ip-172-31-6-241 kernel: shpchp: Standard Hot Plug PCI Controller Driver version: 0.4
Sep  6 13:39:28 ip-172-31-6-241 kernel: Serial: 8250/16550 driver, 4 ports, IRQ sharing disabled
Sep  6 13:39:28 ip-172-31-6-241 kernel: 00:04: ttyS0 at I/O 0x3f8 (irq = 4, base_baud = 115200) is a 16550A
Sep  6 13:39:28 ip-172-31-6-241 kernel: nvme nvme0: pci function 0000:00:04.0
Sep  6 13:39:28 ip-172-31-6-241 kernel: i8042: PNP: PS/2 Controller [PNP0303:KBD,PNP0f13:MOU] at 0x60,0x64 irq 1,12
Sep  6 13:39:28 ip-172-31-6-241 kernel: i8042: Warning: Keylock active
Sep  6 13:39:28 ip-172-31-6-241 kernel: PCI Interrupt Link [LNKD] enabled at IRQ 11
Sep  6 13:39:28 ip-172-31-6-241 kernel: serio: i8042 KBD port at 0x60,0x64 irq 1
Sep  6 13:39:28 ip-172-31-6-241 kernel: serio: i8042 AUX port at 0x60,0x64 irq 12
Sep  6 13:39:28 ip-172-31-6-241 kernel: rtc_cmos 00:00: RTC can wake from S4
Sep  6 13:39:28 ip-172-31-6-241 kernel: rtc_cmos 00:00: registered as rtc0
Sep  6 13:39:28 ip-172-31-6-241 kernel: rtc_cmos 00:00: setting system clock to 2025-09-06T13:39:28 UTC (1757165968)
Sep  6 13:39:28 ip-172-31-6-241 kernel: rtc_cmos 00:00: alarms up to one day, 114 bytes nvram
Sep  6 13:39:28 ip-172-31-6-241 kernel: intel_pstate: CPU model not supported
Sep  6 13:39:28 ip-172-31-6-241 kernel: hid: raw HID events driver (C) Jiri Kosina
Sep  6 13:39:28 ip-172-31-6-241 kernel: nvme nvme0: 2/0/0 default/read/poll queues
Sep  6 13:39:28 ip-172-31-6-241 kernel: NET: Registered protocol family 10
Sep  6 13:39:28 ip-172-31-6-241 kernel: nvme0n1: detected capacity change from 0 to 8589934592
Sep  6 13:39:28 ip-172-31-6-241 kernel: Segment Routing with IPv6
Sep  6 13:39:28 ip-172-31-6-241 kernel: NET: Registered protocol family 17
Sep  6 13:39:28 ip-172-31-6-241 kernel: nvme0n1: p1 p128
Sep  6 13:39:28 ip-172-31-6-241 kernel: IPI shorthand broadcast: enabled
Sep  6 13:39:28 ip-172-31-6-241 kernel: sched_clock: Marking stable (1221062395, 749880304)->(2496340731, -525398032)
Sep  6 13:39:28 ip-172-31-6-241 kernel: registered taskstats version 1
Sep  6 13:39:28 ip-172-31-6-241 kernel: Loading compiled-in X.509 certificates
Sep  6 13:39:28 ip-172-31-6-241 kernel: Loaded X.509 cert 'Build time autogenerated kernel key: 797bb81bfd3d910c9614ffbcf49631df9b428703'
Sep  6 13:39:28 ip-172-31-6-241 kernel: zswap: loaded using pool lzo/zbud
Sep  6 13:39:28 ip-172-31-6-241 kernel: Key type .fscrypt registered
Sep  6 13:39:28 ip-172-31-6-241 kernel: Key type fscrypt-provisioning registered
Sep  6 13:39:28 ip-172-31-6-241 kernel: ima: No TPM chip found, activating TPM-bypass!
Sep  6 13:39:28 ip-172-31-6-241 kernel: ima: Allocated hash algorithm: sha1
Sep  6 13:39:28 ip-172-31-6-241 kernel: ima: No architecture policies found
Sep  6 13:39:28 ip-172-31-6-241 kernel: clk: Disabling unused clocks
Sep  6 13:39:28 ip-172-31-6-241 kernel: Freeing unused decrypted memory: 2036K
Sep  6 13:39:28 ip-172-31-6-241 kernel: Freeing unused kernel image (initmem) memory: 2476K
Sep  6 13:39:28 ip-172-31-6-241 kernel: Write protecting the kernel read-only data: 22528k
Sep  6 13:39:28 ip-172-31-6-241 kernel: Freeing unused kernel image (text/rodata gap) memory: 2032K
Sep  6 13:39:28 ip-172-31-6-241 kernel: Freeing unused kernel image (rodata/data gap) memory: 116K
Sep  6 13:39:28 ip-172-31-6-241 kernel: Run /init as init process
Sep  6 13:39:28 ip-172-31-6-241 systemd[1]: systemd 219 running in system mode. (+PAM +AUDIT +SELINUX +IMA -APPARMOR +SMACK +SYSVINIT +UTMP +LIBCRYPTSETUP +GCRYPT +GNUTLS +ACL +XZ +LZ4 -SECCOMP +BLKID +ELFUTILS +KMOD +IDN)
Sep  6 13:39:28 ip-172-31-6-241 systemd[1]: Detected virtualization amazon.
Sep  6 13:39:28 ip-172-31-6-241 systemd[1]: Detected architecture x86-64.
Sep  6 13:39:28 ip-172-31-6-241 systemd[1]: Running in initial RAM disk.
Sep  6 13:39:28 ip-172-31-6-241 systemd[1]: No hostname configured.
Sep  6 13:39:28 ip-172-31-6-241 systemd[1]: Set hostname to <localhost>.
Sep  6 13:39:28 ip-172-31-6-241 systemd[1]: Initializing machine ID from VM UUID.
Sep  6 13:39:28 ip-172-31-6-241 systemd[1]: Created slice Root Slice.
Sep  6 13:39:28 ip-172-31-6-241 systemd[1]: Listening on udev Control Socket.
Sep  6 13:39:28 ip-172-31-6-241 systemd[1]: Listening on udev Kernel Socket.
Sep  6 13:39:28 ip-172-31-6-241 journal: Journal started
Sep  6 13:39:28 ip-172-31-6-241 systemd-udevd: starting version 219
Sep  6 13:39:28 ip-172-31-6-241 systemd-udevd: Network interface NamePolicy= disabled on kernel command line, ignoring.
Sep  6 13:39:28 ip-172-31-6-241 systemd: Started dracut pre-trigger hook.
Sep  6 13:39:28 ip-172-31-6-241 systemd: Starting udev Coldplug all Devices...
Sep  6 13:39:28 ip-172-31-6-241 systemd-udevd: Network interface NamePolicy= disabled on kernel command line, ignoring.
Sep  6 13:39:28 ip-172-31-6-241 systemd: Started udev Coldplug all Devices.
Sep  6 13:39:28 ip-172-31-6-241 systemd: Reached target System Initialization.
Sep  6 13:39:28 ip-172-31-6-241 systemd: Reached target Basic System.
Sep  6 13:39:28 ip-172-31-6-241 systemd: Starting dracut initqueue hook...
Sep  6 13:39:29 ip-172-31-6-241 kernel: input: AT Translated Set 2 keyboard as /devices/platform/i8042/serio0/input/input0
Sep  6 13:39:29 ip-172-31-6-241 systemd: Found device Amazon Elastic Block Store /.
Sep  6 13:39:29 ip-172-31-6-241 systemd: Starting File System Check on /dev/disk/by-uuid/67d4c8c1-6926-480c-849c-d03e341a9903...
Sep  6 13:39:29 ip-172-31-6-241 systemd-fsck: fsck.xfs doesn't exist, not checking file system on /dev/disk/by-uuid/67d4c8c1-6926-480c-849c-d03e341a9903
Sep  6 13:39:29 ip-172-31-6-241 systemd: Started File System Check on /dev/disk/by-uuid/67d4c8c1-6926-480c-849c-d03e341a9903.
Sep  6 13:39:29 ip-172-31-6-241 systemd: Started dracut initqueue hook.
Sep  6 13:39:29 ip-172-31-6-241 systemd: Reached target Remote File Systems (Pre).
Sep  6 13:39:29 ip-172-31-6-241 systemd: Reached target Remote File Systems.
Sep  6 13:39:29 ip-172-31-6-241 systemd: Mounting /sysroot...
Sep  6 13:39:29 ip-172-31-6-241 kernel: XFS (nvme0n1p1): Mounting V5 Filesystem
Sep  6 13:39:29 ip-172-31-6-241 kernel: XFS (nvme0n1p1): Ending clean mount
Sep  6 13:39:29 ip-172-31-6-241 systemd: Mounted /sysroot.
Sep  6 13:39:29 ip-172-31-6-241 systemd: Reached target Initrd Root File System.
Sep  6 13:39:29 ip-172-31-6-241 systemd: Starting Reload Configuration from the Real Root...
Sep  6 13:39:29 ip-172-31-6-241 systemd: Reloading.
Sep  6 13:39:29 ip-172-31-6-241 systemd: Started Reload Configuration from the Real Root.
Sep  6 13:39:29 ip-172-31-6-241 systemd: Reached target Initrd File Systems.
Sep  6 13:39:29 ip-172-31-6-241 systemd: Reached target Initrd Default Target.
Sep  6 13:39:29 ip-172-31-6-241 systemd: Starting dracut pre-pivot and cleanup hook...
Sep  6 13:39:29 ip-172-31-6-241 systemd: Started dracut pre-pivot and cleanup hook.
Sep  6 13:39:29 ip-172-31-6-241 systemd: Starting Cleaning Up and Shutting Down Daemons...
Sep  6 13:39:29 ip-172-31-6-241 systemd: Stopped target Timers.
Sep  6 13:39:29 ip-172-31-6-241 systemd: Stopped dracut pre-pivot and cleanup hook.
Sep  6 13:39:29 ip-172-31-6-241 systemd: Stopped target Remote File Systems.
Sep  6 13:39:29 ip-172-31-6-241 systemd: Stopped target Remote File Systems (Pre).
Sep  6 13:39:29 ip-172-31-6-241 systemd: Stopped dracut initqueue hook.
Sep  6 13:39:29 ip-172-31-6-241 systemd: Stopped target Initrd Default Target.
Sep  6 13:39:29 ip-172-31-6-241 systemd: Stopped target Basic System.
Sep  6 13:39:29 ip-172-31-6-241 systemd: Stopped target Sockets.
Sep  6 13:39:29 ip-172-31-6-241 systemd: Stopped target System Initialization.
Sep  6 13:39:29 ip-172-31-6-241 systemd: Stopped target Swap.
Sep  6 13:39:29 ip-172-31-6-241 systemd: Stopped Apply Kernel Variables.
Sep  6 13:39:29 ip-172-31-6-241 systemd: Stopped udev Coldplug all Devices.
Sep  6 13:39:29 ip-172-31-6-241 systemd: Stopped dracut pre-trigger hook.
Sep  6 13:39:29 ip-172-31-6-241 systemd: Stopping udev Kernel Device Manager...
Sep  6 13:39:29 ip-172-31-6-241 systemd: Stopped target Local File Systems.
Sep  6 13:39:29 ip-172-31-6-241 systemd: Stopped target Paths.
Sep  6 13:39:29 ip-172-31-6-241 systemd: Stopped Dispatch Password Requests to Console Directory Watch.
Sep  6 13:39:29 ip-172-31-6-241 systemd: Stopped target Slices.
Sep  6 13:39:29 ip-172-31-6-241 systemd: Started Cleaning Up and Shutting Down Daemons.
Sep  6 13:39:29 ip-172-31-6-241 systemd: Stopped udev Kernel Device Manager.
Sep  6 13:39:29 ip-172-31-6-241 systemd: Stopped Create Static Device Nodes in /dev.
Sep  6 13:39:29 ip-172-31-6-241 systemd: Stopped Create list of required static device nodes for the current kernel.
Sep  6 13:39:29 ip-172-31-6-241 systemd: Closed udev Control Socket.
Sep  6 13:39:29 ip-172-31-6-241 systemd: Closed udev Kernel Socket.
Sep  6 13:39:29 ip-172-31-6-241 systemd: Starting Cleanup udevd DB...
Sep  6 13:39:29 ip-172-31-6-241 systemd: Started Cleanup udevd DB.
Sep  6 13:39:29 ip-172-31-6-241 systemd: Reached target Switch Root.
Sep  6 13:39:29 ip-172-31-6-241 systemd: Starting Switch Root...
Sep  6 13:39:29 ip-172-31-6-241 systemd: Switching root.
Sep  6 13:39:29 ip-172-31-6-241 journal: Journal stopped
Sep  6 13:39:29 ip-172-31-6-241 journal: Runtime journal is using 5.8M (max allowed 46.3M, trying to leave 69.5M free of 452.2M available â†’ current limit 46.3M).
Sep  6 13:39:29 ip-172-31-6-241 systemd-journald[765]: Received SIGTERM from PID 1 (systemd).
Sep  6 13:39:29 ip-172-31-6-241 kernel: printk: systemd: 20 output lines suppressed due to ratelimiting
Sep  6 13:39:29 ip-172-31-6-241 kernel: SELinux:  Runtime disable is deprecated, use selinux=0 on the kernel cmdline.
Sep  6 13:39:29 ip-172-31-6-241 kernel: SELinux:  Disabled at runtime.
Sep  6 13:39:29 ip-172-31-6-241 kernel: audit: type=1404 audit(1757165969.528:2): enforcing=0 old_enforcing=0 auid=4294967295 ses=4294967295 enabled=0 old-enabled=1 lsm=selinux res=1
Sep  6 13:39:29 ip-172-31-6-241 journal: Journal started
Sep  6 13:39:29 ip-172-31-6-241 systemd: systemd 219 running in system mode. (+PAM +AUDIT +SELINUX +IMA -APPARMOR +SMACK +SYSVINIT +UTMP +LIBCRYPTSETUP +GCRYPT +GNUTLS +ACL +XZ +LZ4 -SECCOMP +BLKID +ELFUTILS +KMOD +IDN)
Sep  6 13:39:29 ip-172-31-6-241 systemd: Detected virtualization amazon.
Sep  6 13:39:29 ip-172-31-6-241 systemd: Detected architecture x86-64.
Sep  6 13:39:29 ip-172-31-6-241 systemd: Set hostname to <ip-172-31-13-59.ec2.internal>.
Sep  6 13:39:29 ip-172-31-6-241 systemd: Cannot add dependency job for unit display-manager.service, ignoring: Unit not found.
Sep  6 13:39:29 ip-172-31-6-241 kernel: xfs filesystem being remounted at / supports timestamps until 2038-01-19 (0x7fffffff)
Sep  6 13:39:29 ip-172-31-6-241 systemd: Mounted Huge Pages File System.
Sep  6 13:39:29 ip-172-31-6-241 systemd: Started Create list of required static device nodes for the current kernel.
Sep  6 13:39:29 ip-172-31-6-241 systemd: Started Remount Root and Kernel File Systems.
Sep  6 13:39:29 ip-172-31-6-241 systemd: Started Setup Virtual Console.
Sep  6 13:39:29 ip-172-31-6-241 systemd: Started Read and set NIS domainname from /etc/sysconfig/network.
Sep  6 13:39:29 ip-172-31-6-241 systemd: Starting Relabel kernel modules early in the boot, if needed...
Sep  6 13:39:29 ip-172-31-6-241 systemd: Starting udev Coldplug all Devices...
Sep  6 13:39:29 ip-172-31-6-241 systemd: Starting Configure read-only root support...
Sep  6 13:39:29 ip-172-31-6-241 systemd: Starting Create Static Device Nodes in /dev...
Sep  6 13:39:29 ip-172-31-6-241 systemd: Starting Flush Journal to Persistent Storage...
Sep  6 13:39:29 ip-172-31-6-241 systemd: Started Relabel kernel modules early in the boot, if needed.
Sep  6 13:39:29 ip-172-31-6-241 kernel: pps_core: LinuxPPS API ver. 1 registered
Sep  6 13:39:29 ip-172-31-6-241 kernel: pps_core: Software ver. 5.3.6 - Copyright 2005-2007 Rodolfo Giometti <giometti@linux.it>
Sep  6 13:39:29 ip-172-31-6-241 systemd: Starting Load Kernel Modules...
Sep  6 13:39:29 ip-172-31-6-241 systemd: Started LVM2 metadata daemon.
Sep  6 13:39:29 ip-172-31-6-241 systemd: Started Create Static Device Nodes in /dev.
Sep  6 13:39:29 ip-172-31-6-241 systemd: Starting udev Kernel Device Manager...
Sep  6 13:39:29 ip-172-31-6-241 systemd: Started udev Coldplug all Devices.
Sep  6 13:39:29 ip-172-31-6-241 systemd-udevd: starting version 219
Sep  6 13:39:29 ip-172-31-6-241 systemd: Starting udev Wait for Complete Device Initialization...
Sep  6 13:39:29 ip-172-31-6-241 systemd-udevd: Network interface NamePolicy= disabled on kernel command line, ignoring.
Sep  6 13:39:29 ip-172-31-6-241 systemd: Started Configure read-only root support.
Sep  6 13:39:29 ip-172-31-6-241 systemd: Starting Load/Save Random Seed...
Sep  6 13:39:29 ip-172-31-6-241 kernel: PTP clock support registered
Sep  6 13:39:29 ip-172-31-6-241 systemd: Started Load/Save Random Seed.
Sep  6 13:39:29 ip-172-31-6-241 systemd: Started Flush Journal to Persistent Storage.
Sep  6 13:39:30 ip-172-31-6-241 kernel: ena 0000:00:05.0: Elastic Network Adapter (ENA) v2.14.1g
Sep  6 13:39:30 ip-172-31-6-241 kernel: ena 0000:00:05.0: ENA device version: 0.10
Sep  6 13:39:30 ip-172-31-6-241 kernel: ena 0000:00:05.0: ENA controller version: 0.0.1 implementation version 1
Sep  6 13:39:30 ip-172-31-6-241 kernel: ena 0000:00:05.0: LLQ is not supported Fallback to host mode policy.
Sep  6 13:39:30 ip-172-31-6-241 kernel: ena 0000:00:05.0: Elastic Network Adapter (ENA) found at mem febf4000, mac addr 02:28:ba:53:01:93
Sep  6 13:39:30 ip-172-31-6-241 systemd: Started udev Kernel Device Manager.
Sep  6 13:39:30 ip-172-31-6-241 systemd: Starting Show Plymouth Boot Screen...
Sep  6 13:39:30 ip-172-31-6-241 systemd: Received SIGRTMIN+20 from PID 1633 (plymouthd).
Sep  6 13:39:30 ip-172-31-6-241 systemd: Started Show Plymouth Boot Screen.
Sep  6 13:39:30 ip-172-31-6-241 systemd: Started Forward Password Requests to Plymouth Directory Watch.
Sep  6 13:39:30 ip-172-31-6-241 systemd-modules-load: Inserted module 'ena'
Sep  6 13:39:30 ip-172-31-6-241 systemd: Started Load Kernel Modules.
Sep  6 13:39:30 ip-172-31-6-241 systemd: Starting Apply Kernel Variables...
Sep  6 13:39:30 ip-172-31-6-241 kernel: input: Power Button as /devices/LNXSYSTM:00/LNXPWRBN:00/input/input3
Sep  6 13:39:30 ip-172-31-6-241 kernel: ACPI: Power Button [PWRF]
Sep  6 13:39:30 ip-172-31-6-241 kernel: input: Sleep Button as /devices/LNXSYSTM:00/LNXSLPBN:00/input/input4
Sep  6 13:39:30 ip-172-31-6-241 kernel: ACPI: Sleep Button [SLPF]
Sep  6 13:39:30 ip-172-31-6-241 systemd: Started Apply Kernel Variables.
Sep  6 13:39:30 ip-172-31-6-241 systemd: Found device /dev/ttyS0.
Sep  6 13:39:30 ip-172-31-6-241 kernel: input: ImPS/2 Generic Wheel Mouse as /devices/platform/i8042/serio1/input/input5
Sep  6 13:39:30 ip-172-31-6-241 kernel: mousedev: PS/2 mouse device common for all mice
Sep  6 13:39:30 ip-172-31-6-241 kernel: cryptd: max_cpu_qlen set to 1000
Sep  6 13:39:30 ip-172-31-6-241 systemd: Created slice system-ec2net\x2difup.slice.
Sep  6 13:39:30 ip-172-31-6-241 kernel: AVX2 version of gcm_enc/dec engaged.
Sep  6 13:39:30 ip-172-31-6-241 kernel: AES CTR mode by8 optimization enabled
Sep  6 13:39:30 ip-172-31-6-241 systemd: Starting Relabel kernel modules early in the boot, if needed...
Sep  6 13:39:30 ip-172-31-6-241 systemd: Found device Elastic Network Adapter (ENA).
Sep  6 13:39:30 ip-172-31-6-241 systemd: Started Relabel kernel modules early in the boot, if needed.
Sep  6 13:39:30 ip-172-31-6-241 systemd: Started udev Wait for Complete Device Initialization.
Sep  6 13:39:30 ip-172-31-6-241 systemd: Starting Activation of DM RAID sets...
Sep  6 13:39:30 ip-172-31-6-241 systemd: Started Monitoring of LVM2 mirrors, snapshots etc. using dmeventd or progress polling.
Sep  6 13:39:30 ip-172-31-6-241 systemd: Reached target Local File Systems (Pre).
Sep  6 13:39:30 ip-172-31-6-241 kernel: device-mapper: uevent: version 1.0.3
Sep  6 13:39:30 ip-172-31-6-241 kernel: device-mapper: ioctl: 4.43.0-ioctl (2020-10-01) initialised: dm-devel@redhat.com
Sep  6 13:39:30 ip-172-31-6-241 systemd: Started Activation of DM RAID sets.
Sep  6 13:39:30 ip-172-31-6-241 systemd: Reached target Local Encrypted Volumes.
Sep  6 13:39:30 ip-172-31-6-241 systemd: Reached target Local File Systems.
Sep  6 13:39:30 ip-172-31-6-241 systemd: Starting Tell Plymouth To Write Out Runtime Data...
Sep  6 13:39:30 ip-172-31-6-241 systemd: Starting Preprocess NFS configuration...
Sep  6 13:39:30 ip-172-31-6-241 systemd: Starting Create Volatile Files and Directories...
Sep  6 13:39:30 ip-172-31-6-241 systemd: Started Preprocess NFS configuration.
Sep  6 13:39:30 ip-172-31-6-241 systemd: Started Tell Plymouth To Write Out Runtime Data.
Sep  6 13:39:30 ip-172-31-6-241 systemd: Started Create Volatile Files and Directories.
Sep  6 13:39:30 ip-172-31-6-241 systemd: Mounting RPC Pipe File System...
Sep  6 13:39:30 ip-172-31-6-241 systemd: Starting Security Auditing Service...
Sep  6 13:39:30 ip-172-31-6-241 kernel: RPC: Registered named UNIX socket transport module.
Sep  6 13:39:30 ip-172-31-6-241 kernel: RPC: Registered udp transport module.
Sep  6 13:39:30 ip-172-31-6-241 kernel: RPC: Registered tcp transport module.
Sep  6 13:39:30 ip-172-31-6-241 kernel: RPC: Registered tcp NFSv4.1 backchannel transport module.
Sep  6 13:39:30 ip-172-31-6-241 auditd[1777]: Started dispatcher: /sbin/audispd pid: 1779
Sep  6 13:39:30 ip-172-31-6-241 systemd: Mounted RPC Pipe File System.
Sep  6 13:39:30 ip-172-31-6-241 systemd: Reached target rpc_pipefs.target.
Sep  6 13:39:30 ip-172-31-6-241 auditd[1777]: Init complete, auditd 2.8.1 listening for events (startup state enable)
Sep  6 13:39:30 ip-172-31-6-241 audispd: No plugins found, exiting
Sep  6 13:39:30 ip-172-31-6-241 augenrules: /sbin/augenrules: No change
Sep  6 13:39:30 ip-172-31-6-241 augenrules: No rules
Sep  6 13:39:30 ip-172-31-6-241 augenrules: enabled 1
Sep  6 13:39:30 ip-172-31-6-241 augenrules: failure 1
Sep  6 13:39:30 ip-172-31-6-241 augenrules: pid 1777
Sep  6 13:39:30 ip-172-31-6-241 augenrules: rate_limit 0
Sep  6 13:39:30 ip-172-31-6-241 augenrules: backlog_limit 8192
Sep  6 13:39:30 ip-172-31-6-241 augenrules: lost 0
Sep  6 13:39:30 ip-172-31-6-241 augenrules: backlog 1
Sep  6 13:39:30 ip-172-31-6-241 augenrules: backlog_wait_time 15000
Sep  6 13:39:30 ip-172-31-6-241 augenrules: enabled 1
Sep  6 13:39:30 ip-172-31-6-241 augenrules: failure 1
Sep  6 13:39:30 ip-172-31-6-241 augenrules: pid 1777
Sep  6 13:39:30 ip-172-31-6-241 augenrules: rate_limit 0
Sep  6 13:39:30 ip-172-31-6-241 augenrules: backlog_limit 8192
Sep  6 13:39:30 ip-172-31-6-241 augenrules: lost 0
Sep  6 13:39:30 ip-172-31-6-241 augenrules: backlog 1
Sep  6 13:39:30 ip-172-31-6-241 augenrules: backlog_wait_time 15000
Sep  6 13:39:30 ip-172-31-6-241 systemd: Started Security Auditing Service.
Sep  6 13:39:30 ip-172-31-6-241 systemd: Starting Update UTMP about System Boot/Shutdown...
Sep  6 13:39:30 ip-172-31-6-241 systemd: Started Update UTMP about System Boot/Shutdown.
Sep  6 13:39:30 ip-172-31-6-241 systemd: Reached target System Initialization.
Sep  6 13:39:30 ip-172-31-6-241 systemd: Listening on RPCbind Server Activation Socket.
Sep  6 13:39:30 ip-172-31-6-241 systemd: Starting RPC bind service...
Sep  6 13:39:30 ip-172-31-6-241 systemd: Listening on D-Bus System Message Bus Socket.
Sep  6 13:39:30 ip-172-31-6-241 systemd: Reached target Sockets.
Sep  6 13:39:30 ip-172-31-6-241 systemd: Started Daily Cleanup of Temporary Directories.
Sep  6 13:39:30 ip-172-31-6-241 systemd: Reached target Timers.
Sep  6 13:39:30 ip-172-31-6-241 systemd: Started Flexible branding.
Sep  6 13:39:30 ip-172-31-6-241 systemd: Reached target Paths.
Sep  6 13:39:30 ip-172-31-6-241 systemd: Reached target Basic System.
Sep  6 13:39:30 ip-172-31-6-241 systemd: Starting NTP client/server...
Sep  6 13:39:30 ip-172-31-6-241 systemd: Starting Dump dmesg to /var/log/dmesg...
Sep  6 13:39:30 ip-172-31-6-241 systemd: Started D-Bus System Message Bus.
Sep  6 13:39:30 ip-172-31-6-241 systemd: Starting GSSAPI Proxy Daemon...
Sep  6 13:39:30 ip-172-31-6-241 systemd: Starting Resets System Activity Logs...
Sep  6 13:39:30 ip-172-31-6-241 systemd: Starting Initial cloud-init job (pre-networking)...
Sep  6 13:39:30 ip-172-31-6-241 systemd: Starting ACPI Event Daemon...
Sep  6 13:39:30 ip-172-31-6-241 systemd: Starting Hardware RNG Entropy Gatherer Wake threshold service...
Sep  6 13:39:30 ip-172-31-6-241 chronyd[1814]: chronyd version 4.2 starting (+CMDMON +NTP +REFCLOCK +RTC +PRIVDROP +SCFILTER +SIGND +ASYNCDNS -NTS +SECHASH +IPV6 +DEBUG)
Sep  6 13:39:30 ip-172-31-6-241 systemd: Started irqbalance daemon.
Sep  6 13:39:30 ip-172-31-6-241 systemd: Starting Login Service...
Sep  6 13:39:30 ip-172-31-6-241 systemd: Started libstoragemgmt plug-in server daemon.
Sep  6 13:39:30 ip-172-31-6-241 systemd: Started RPC bind service.
Sep  6 13:39:30 ip-172-31-6-241 systemd: Started Dump dmesg to /var/log/dmesg.
Sep  6 13:39:30 ip-172-31-6-241 chronyd[1814]: Frequency -9.245 +/- 0.036 ppm read from /var/lib/chrony/drift
Sep  6 13:39:30 ip-172-31-6-241 chronyd[1814]: Loaded seccomp filter (level 2)
Sep  6 13:39:30 ip-172-31-6-241 systemd: Started NTP client/server.
Sep  6 13:39:30 ip-172-31-6-241 systemd: Started Resets System Activity Logs.
Sep  6 13:39:30 ip-172-31-6-241 systemd: Started Hardware RNG Entropy Gatherer Wake threshold service.
Sep  6 13:39:30 ip-172-31-6-241 systemd: Started Hardware RNG Entropy Gatherer Daemon.
Sep  6 13:39:30 ip-172-31-6-241 systemd: Started ACPI Event Daemon.
Sep  6 13:39:30 ip-172-31-6-241 systemd: Started Login Service.
Sep  6 13:39:30 ip-172-31-6-241 systemd-logind: New seat seat0.
Sep  6 13:39:30 ip-172-31-6-241 acpid: starting up with netlink and the input layer
Sep  6 13:39:31 ip-172-31-6-241 acpid: skipping incomplete file /etc/acpi/events/videoconf
Sep  6 13:39:31 ip-172-31-6-241 acpid: 2 rules loaded
Sep  6 13:39:31 ip-172-31-6-241 acpid: waiting for events: event logging is off
Sep  6 13:39:31 ip-172-31-6-241 systemd: Started GSSAPI Proxy Daemon.
Sep  6 13:39:31 ip-172-31-6-241 systemd: Reached target NFS client services.
Sep  6 13:39:31 ip-172-31-6-241 systemd: Reached target Remote File Systems (Pre).
Sep  6 13:39:31 ip-172-31-6-241 systemd: Reached target Remote File Systems.
Sep  6 13:39:31 ip-172-31-6-241 rngd: Disabling 5: JITTER Entropy generator (jitter)
Sep  6 13:39:31 ip-172-31-6-241 rngd: Initializing available sources
Sep  6 13:39:31 ip-172-31-6-241 rngd: Failed to init entropy source hwrng
Sep  6 13:39:31 ip-172-31-6-241 rngd: Enabling RDSEED rng support
Sep  6 13:39:31 ip-172-31-6-241 rngd: Initializing entropy source rdrand
Sep  6 13:39:31 ip-172-31-6-241 cloud-init: Cloud-init v. 19.3-46.amzn2.0.6 running 'init-local' at Sat, 06 Sep 2025 13:39:31 +0000. Up 4.59 seconds.
Sep  6 13:39:32 ip-172-31-6-241 systemd: Started Initial cloud-init job (pre-networking).
Sep  6 13:39:32 ip-172-31-6-241 systemd: Reached target Network (Pre).
Sep  6 13:39:32 ip-172-31-6-241 systemd: Starting LSB: Bring up/down networking...
Sep  6 13:39:32 ip-172-31-6-241 network: Bringing up loopback interface:  [  OK  ]
Sep  6 13:39:32 ip-172-31-6-241 network: Bringing up interface eth0:
Sep  6 13:39:32 ip-172-31-6-241 kernel: ena 0000:00:05.0 eth0: Local page cache is disabled for less than 16 channels
Sep  6 13:39:32 ip-172-31-6-241 dhclient[1982]: DHCPDISCOVER on eth0 to 255.255.255.255 port 67 interval 7 (xid=0x29fa79cb)
Sep  6 13:39:32 ip-172-31-6-241 dhclient[1982]: DHCPREQUEST on eth0 to 255.255.255.255 port 67 (xid=0x29fa79cb)
Sep  6 13:39:32 ip-172-31-6-241 dhclient[1982]: DHCPOFFER from 172.31.0.1
Sep  6 13:39:32 ip-172-31-6-241 dhclient[1982]: DHCPACK from 172.31.0.1 (xid=0x29fa79cb)
Sep  6 13:39:32 ip-172-31-6-241 NET: dhclient: Locked /run/dhclient/resolv.lock
Sep  6 13:39:32 ip-172-31-6-241 NET[2041]: /usr/sbin/dhclient-script : updated /etc/resolv.conf
Sep  6 13:39:32 ip-172-31-6-241 dhclient[1982]: bound to 172.31.6.241 -- renewal in 1591 seconds.
Sep  6 13:39:32 ip-172-31-6-241 ec2net: [get_meta] Querying IMDS for meta-data/network/interfaces/macs/02:28:ba:53:01:93/local-ipv4s
Sep  6 13:39:32 ip-172-31-6-241 ec2net: [get_meta] Getting token for IMDSv2.
Sep  6 13:39:32 ip-172-31-6-241 network: Determining IP information for eth0... done.
Sep  6 13:39:32 ip-172-31-6-241 ec2net: [get_meta] Trying to get http://169.254.169.254/latest/meta-data/network/interfaces/macs/02:28:ba:53:01:93/local-ipv4s
Sep  6 13:39:32 ip-172-31-6-241 network: Determining IPv6 information for eth0... done.
Sep  6 13:39:32 ip-172-31-6-241 ec2net: [remove_aliases] Removing aliases of eth0
Sep  6 13:39:32 ip-172-31-6-241 network: [  OK  ]
Sep  6 13:39:32 ip-172-31-6-241 systemd: Started LSB: Bring up/down networking.
Sep  6 13:39:32 ip-172-31-6-241 systemd: Starting Initial cloud-init job (metadata service crawler)...
Sep  6 13:39:32 ip-172-31-6-241 systemd: Reached target Network.
Sep  6 13:39:32 ip-172-31-6-241 systemd: Starting Postfix Mail Transport Agent...
Sep  6 13:39:33 ip-172-31-6-241 dhclient[2100]: XMT: Solicit on eth0, interval 1060ms.
Sep  6 13:39:33 ip-172-31-6-241 cloud-init: Cloud-init v. 19.3-46.amzn2.0.6 running 'init' at Sat, 06 Sep 2025 13:39:32 +0000. Up 5.63 seconds.
Sep  6 13:39:33 ip-172-31-6-241 cloud-init: ci-info: +++++++++++++++++++++++++++++++++++++Net device info++++++++++++++++++++++++++++++++++++++
Sep  6 13:39:33 ip-172-31-6-241 cloud-init: ci-info: +--------+------+---------------------------+---------------+--------+-------------------+
Sep  6 13:39:33 ip-172-31-6-241 cloud-init: ci-info: | Device |  Up  |          Address          |      Mask     | Scope  |     Hw-Address    |
Sep  6 13:39:33 ip-172-31-6-241 cloud-init: ci-info: +--------+------+---------------------------+---------------+--------+-------------------+
Sep  6 13:39:33 ip-172-31-6-241 cloud-init: ci-info: |  eth0  | True |        172.31.6.241       | 255.255.240.0 | global | 02:28:ba:53:01:93 |
Sep  6 13:39:33 ip-172-31-6-241 cloud-init: ci-info: |  eth0  | True | fe80::28:baff:fe53:193/64 |       .       |  link  | 02:28:ba:53:01:93 |
Sep  6 13:39:33 ip-172-31-6-241 cloud-init: ci-info: |   lo   | True |         127.0.0.1         |   255.0.0.0   |  host  |         .         |
Sep  6 13:39:33 ip-172-31-6-241 cloud-init: ci-info: |   lo   | True |          ::1/128          |       .       |  host  |         .         |
Sep  6 13:39:33 ip-172-31-6-241 cloud-init: ci-info: +--------+------+---------------------------+---------------+--------+-------------------+
Sep  6 13:39:33 ip-172-31-6-241 cloud-init: ci-info: +++++++++++++++++++++++++++++++Route IPv4 info++++++++++++++++++++++++++++++++
Sep  6 13:39:33 ip-172-31-6-241 cloud-init: ci-info: +-------+-----------------+------------+-----------------+-----------+-------+
Sep  6 13:39:33 ip-172-31-6-241 cloud-init: ci-info: | Route |   Destination   |  Gateway   |     Genmask     | Interface | Flags |
Sep  6 13:39:33 ip-172-31-6-241 cloud-init: ci-info: +-------+-----------------+------------+-----------------+-----------+-------+
Sep  6 13:39:33 ip-172-31-6-241 cloud-init: ci-info: |   0   |     0.0.0.0     | 172.31.0.1 |     0.0.0.0     |    eth0   |   UG  |
Sep  6 13:39:33 ip-172-31-6-241 cloud-init: ci-info: |   1   | 169.254.169.254 |  0.0.0.0   | 255.255.255.255 |    eth0   |   UH  |
Sep  6 13:39:33 ip-172-31-6-241 cloud-init: ci-info: |   2   |    172.31.0.0   |  0.0.0.0   |  255.255.240.0  |    eth0   |   U   |
Sep  6 13:39:33 ip-172-31-6-241 cloud-init: ci-info: +-------+-----------------+------------+-----------------+-----------+-------+
Sep  6 13:39:33 ip-172-31-6-241 cloud-init: ci-info: +++++++++++++++++++Route IPv6 info+++++++++++++++++++
Sep  6 13:39:33 ip-172-31-6-241 cloud-init: ci-info: +-------+-------------+---------+-----------+-------+
Sep  6 13:39:33 ip-172-31-6-241 cloud-init: ci-info: | Route | Destination | Gateway | Interface | Flags |
Sep  6 13:39:33 ip-172-31-6-241 cloud-init: ci-info: +-------+-------------+---------+-----------+-------+
Sep  6 13:39:33 ip-172-31-6-241 cloud-init: ci-info: |   9   |  fe80::/64  |    ::   |    eth0   |   U   |
Sep  6 13:39:33 ip-172-31-6-241 cloud-init: ci-info: |   11  |    local    |    ::   |    eth0   |   U   |
Sep  6 13:39:33 ip-172-31-6-241 cloud-init: ci-info: |   12  |  multicast  |    ::   |    eth0   |   U   |
Sep  6 13:39:33 ip-172-31-6-241 cloud-init: ci-info: +-------+-------------+---------+-----------+-------+
Sep  6 13:39:33 ip-172-31-6-241 systemd: Started Postfix Mail Transport Agent.
Sep  6 13:39:33 ip-172-31-6-241 dbus[1804]: [system] Activating via systemd: service name='org.freedesktop.hostname1' unit='dbus-org.freedesktop.hostname1.service'
Sep  6 13:39:33 ip-172-31-6-241 systemd: Starting Hostname Service...
Sep  6 13:39:33 ip-172-31-6-241 dbus[1804]: [system] Successfully activated service 'org.freedesktop.hostname1'
Sep  6 13:39:33 ip-172-31-6-241 systemd-hostnamed: Changed static host name to 'ip-172-31-6-241.ec2.internal'
Sep  6 13:39:33 ip-172-31-6-241 systemd-hostnamed: Changed host name to 'ip-172-31-6-241.ec2.internal'
Sep  6 13:39:33 ip-172-31-6-241 systemd: Started Hostname Service.
Sep  6 13:39:33 ip-172-31-6-241 systemd: Started Initial cloud-init job (metadata service crawler).
Sep  6 13:39:33 ip-172-31-6-241 systemd: Starting Permit User Sessions...
Sep  6 13:39:33 ip-172-31-6-241 systemd: Reached target Network is Online.
Sep  6 13:39:33 ip-172-31-6-241 systemd: Starting System Logging Service...
Sep  6 13:39:33 ip-172-31-6-241 systemd: Starting Dynamically Generate Message Of The Day...
Sep  6 13:39:33 ip-172-31-6-241 systemd: Starting Notify NFS peers of a restart...
Sep  6 13:39:33 ip-172-31-6-241 systemd: Started amazon-ssm-agent.
Sep  6 13:39:33 ip-172-31-6-241 systemd: Starting Finds and configures elastic network interfaces...
Sep  6 13:39:33 ip-172-31-6-241 sm-notify[2301]: Version 1.3.0 starting
Sep  6 13:39:33 ip-172-31-6-241 systemd: Reached target Cloud-config availability.
Sep  6 13:39:33 ip-172-31-6-241 systemd: Starting Apply the settings specified in cloud-config...
Sep  6 13:39:33 ip-172-31-6-241 systemd: Starting OpenSSH Server Key Generation...
Sep  6 13:39:33 ip-172-31-6-241 systemd: Started Permit User Sessions.
Sep  6 13:39:33 ip-172-31-6-241 systemd: Started Notify NFS peers of a restart.
Sep  6 13:39:33 ip-172-31-6-241 systemd: Starting Terminate Plymouth Boot Screen...
Sep  6 13:39:33 ip-172-31-6-241 systemd: Started Command Scheduler.
Sep  6 13:39:33 ip-172-31-6-241 ec2net: [ec2ifscan] Scanning for unconfigured interfaces
Sep  6 13:39:33 ip-172-31-6-241 systemd: Starting Wait for Plymouth Boot Screen to Quit...
Sep  6 13:39:33 ip-172-31-6-241 systemd: Started Job spooling tools.
Sep  6 13:39:33 ip-172-31-6-241 rsyslogd: [origin software="rsyslogd" swVersion="8.24.0-57.amzn2.2.0.2" x-pid="2299" x-info="http://www.rsyslog.com"] start
Sep  6 13:39:33 ip-172-31-6-241 systemd: Started System Logging Service.
Sep  6 13:39:33 ip-172-31-6-241 systemd: Started Finds and configures elastic network interfaces.
Sep  6 13:39:34 ip-172-31-6-241 systemd: Started Dynamically Generate Message Of The Day.
Sep  6 13:39:34 ip-172-31-6-241 dhclient[2100]: XMT: Solicit on eth0, interval 2120ms.
Sep  6 13:39:34 ip-172-31-6-241 systemd: Received SIGRTMIN+21 from PID 1633 (plymouthd).
Sep  6 13:39:34 ip-172-31-6-241 systemd: Started Terminate Plymouth Boot Screen.
Sep  6 13:39:34 ip-172-31-6-241 systemd: Started Wait for Plymouth Boot Screen to Quit.
Sep  6 13:39:34 ip-172-31-6-241 systemd: Started Getty on tty1.
Sep  6 13:39:34 ip-172-31-6-241 systemd: Started Serial Getty on ttyS0.
Sep  6 13:39:34 ip-172-31-6-241 systemd: Reached target Login Prompts.
Sep  6 13:39:34 ip-172-31-6-241 sshd-keygen: Generating SSH2 RSA host key: [  OK  ]
Sep  6 13:39:34 ip-172-31-6-241 sshd-keygen: Generating SSH2 ECDSA host key: [  OK  ]
Sep  6 13:39:34 ip-172-31-6-241 sshd-keygen: Generating SSH2 ED25519 host key: [  OK  ]
Sep  6 13:39:34 ip-172-31-6-241 systemd: Started OpenSSH Server Key Generation.
Sep  6 13:39:34 ip-172-31-6-241 systemd: Starting OpenSSH server daemon...
Sep  6 13:39:34 ip-172-31-6-241 systemd: Started OpenSSH server daemon.
Sep  6 13:39:34 ip-172-31-6-241 amazon-ssm-agent: Error occurred fetching the seelog config file path:  open /etc/amazon/ssm/seelog.xml: no such file or directory
Sep  6 13:39:34 ip-172-31-6-241 amazon-ssm-agent: Initializing new seelog logger
Sep  6 13:39:34 ip-172-31-6-241 amazon-ssm-agent: New Seelog Logger Creation Complete
Sep  6 13:39:34 ip-172-31-6-241 amazon-ssm-agent: 2025-09-06 13:39:34.2243 INFO Proxy environment variables:
Sep  6 13:39:34 ip-172-31-6-241 amazon-ssm-agent: 2025-09-06 13:39:34.2246 INFO https_proxy:
Sep  6 13:39:34 ip-172-31-6-241 cloud-init: Cloud-init v. 19.3-46.amzn2.0.6 running 'modules:config' at Sat, 06 Sep 2025 13:39:34 +0000. Up 6.96 seconds.
Sep  6 13:39:34 ip-172-31-6-241 amazon-ssm-agent: 2025-09-06 13:39:34.2246 INFO http_proxy:
Sep  6 13:39:34 ip-172-31-6-241 systemd: Started Apply the settings specified in cloud-config.
Sep  6 13:39:34 ip-172-31-6-241 systemd: Starting Initial hibernation setup job...
Sep  6 13:39:34 ip-172-31-6-241 systemd: Starting Execute cloud user/final scripts...
Sep  6 13:39:34 ip-172-31-6-241 amazon-ssm-agent: 2025-09-06 13:39:34.2246 INFO no_proxy:
Sep  6 13:39:34 ip-172-31-6-241 hibinit-agent: Effective config: {'grub_update': True, 'swap_percentage': 100, 'state_dir': '/var/lib/hibinit-agent', 'log_to_syslog': True, 'touch_swap': False, 'swap_mb': 4000, 'swapoff': 'swapoff {swapfile}', 'mkswap': 'mkswap {swapfile}', 'swapon': 'swapon {swapfile}', 'btrfs_enabled': False}
Sep  6 13:39:34 ip-172-31-6-241 hibinit-agent: Requesting new IMDSv2 token.
Sep  6 13:39:34 ip-172-31-6-241 hibinit-agent: Instance Launch has not enabled Hibernation Configured Flag. hibinit-agent exiting!!
Sep  6 13:39:34 ip-172-31-6-241 systemd: Started Initial hibernation setup job.
Sep  6 13:39:34 ip-172-31-6-241 systemd: Reached target Multi-User System.
Sep  6 13:39:34 ip-172-31-6-241 systemd: Reached target Graphical Interface.
Sep  6 13:39:34 ip-172-31-6-241 systemd: Starting Update UTMP about System Runlevel Changes...
Sep  6 13:39:34 ip-172-31-6-241 systemd: Reached target aws-eb.target.
Sep  6 13:39:34 ip-172-31-6-241 systemd: Started Update UTMP about System Runlevel Changes.
Sep  6 13:39:34 ip-172-31-6-241 amazon-ssm-agent: 2025-09-06 13:39:34.2246 INFO Checking if agent identity type OnPrem can be assumed
Sep  6 13:39:34 ip-172-31-6-241 amazon-ssm-agent: 2025-09-06 13:39:34.2248 INFO Checking if agent identity type EC2 can be assumed
Sep  6 13:39:34 ip-172-31-6-241 cloud-init: Cloud-init v. 19.3-46.amzn2.0.6 running 'modules:final' at Sat, 06 Sep 2025 13:39:34 +0000. Up 7.37 seconds.
Sep  6 13:39:34 ip-172-31-6-241 [eb-cfn-init]: [2025-09-06T13:39:34Z] Started EB User Data
Sep  6 13:39:34 ip-172-31-6-241 [eb-cfn-init]: + SLEEP_TIME=2
Sep  6 13:39:34 ip-172-31-6-241 [eb-cfn-init]: + SLEEP_TIME_MAX=3600
Sep  6 13:39:34 ip-172-31-6-241 [eb-cfn-init]: + true
Sep  6 13:39:34 ip-172-31-6-241 [eb-cfn-init]: + curl https://elasticbeanstalk-platform-assets-us-east-1.s3.amazonaws.com/stalks/eb_docker_amazon_linux_2_1.0.754.0_20250821120632/lib/UserDataScript.sh
Sep  6 13:39:34 ip-172-31-6-241 [eb-cfn-init]:  % Total    % Received % Xferd  Average Speed   Time    Time     Time  Current
Sep  6 13:39:34 ip-172-31-6-241 [eb-cfn-init]:                                 Dload  Upload   Total   Spent    Left  Speed
Sep  6 13:39:34 ip-172-31-6-241 amazon-ssm-agent: 2025-09-06 13:39:34.2871 INFO Agent will take identity from EC2
Sep  6 13:39:34 ip-172-31-6-241 [eb-cfn-init]: #015  0     0    0     0    0     0      0      0 --:--:-- --:--:-- --:--:--     0#015100  4838  100  4838    0     0   118k      0 --:--:-- --:--:-- --:--:--  121k
Sep  6 13:39:34 ip-172-31-6-241 [eb-cfn-init]: + RESULT=0
Sep  6 13:39:34 ip-172-31-6-241 [eb-cfn-init]: + [[ 0 -ne 0 ]]
Sep  6 13:39:34 ip-172-31-6-241 [eb-cfn-init]: + /bin/bash /tmp/ebbootstrap.sh 'https://cloudformation-waitcondition-us-east-1.s3.amazonaws.com/arn%3Aaws%3Acloudformation%3Aus-east-1%3A450703216097%3Astack/awseb-e-nyjmkb2fck-stack/d2770940-8b26-11f0-ac10-0afff56b82b7/d2792c20-8b26-11f0-ac10-0afff56b82b7/AWSEBInstanceLaunchWaitHandle?X-Amz-Algorithm=AWS4-HMAC-SHA256&X-Amz-Date=20250906T133853Z&X-Amz-SignedHeaders=host&X-Amz-Expires=86399&X-Amz-Credential=AKIA6L7Q4OWT3JRXU3BZ%2F20250906%2Fus-east-1%2Fs3%2Faws4_request&X-Amz-Signature=a749266fb24ddf54c30b6abc2934b8c56a812384503b2d435f7398e5d49983be' arn:aws:cloudformation:us-east-1:450703216097:stack/awseb-e-nyjmkb2fck-stack/d2770940-8b26-11f0-ac10-0afff56b82b7 57960afa-f765-462c-996f-d4b2f061db0c https://elasticbeanstalk-health.us-east-1.amazonaws.com '' https://elasticbeanstalk-platform-assets-us-east-1.s3.amazonaws.com/stalks/eb_docker_amazon_linux_2_1.0.754.0_20250821120632 us-east-1
Sep  6 13:39:34 ip-172-31-6-241 [eb-cfn-init]: [2025-09-06T13:39:34.854Z] Started EB Bootstrapping Script.
Sep  6 13:39:34 ip-172-31-6-241 [eb-cfn-init]: [2025-09-06T13:39:34.856Z] Received parameters:
Sep  6 13:39:34 ip-172-31-6-241 [eb-cfn-init]: TARBALLS =
Sep  6 13:39:34 ip-172-31-6-241 [eb-cfn-init]: EB_GEMS =
Sep  6 13:39:34 ip-172-31-6-241 [eb-cfn-init]: SIGNAL_URL = https://cloudformation-waitcondition-us-east-1.s3.amazonaws.com/arn%3Aaws%3Acloudformation%3Aus-east-1%3A450703216097%3Astack/awseb-e-nyjmkb2fck-stack/d2770940-8b26-11f0-ac10-0afff56b82b7/d2792c20-8b26-11f0-ac10-0afff56b82b7/AWSEBInstanceLaunchWaitHandle?X-Amz-Algorithm=AWS4-HMAC-SHA256&X-Amz-Date=20250906T133853Z&X-Amz-SignedHeaders=host&X-Amz-Expires=86399&X-Amz-Credential=AKIA6L7Q4OWT3JRXU3BZ%2F20250906%2Fus-east-1%2Fs3%2Faws4_request&X-Amz-Signature=a749266fb24ddf54c30b6abc2934b8c56a812384503b2d435f7398e5d49983be
Sep  6 13:39:34 ip-172-31-6-241 [eb-cfn-init]: STACK_ID = arn:aws:cloudformation:us-east-1:450703216097:stack/awseb-e-nyjmkb2fck-stack/d2770940-8b26-11f0-ac10-0afff56b82b7
Sep  6 13:39:34 ip-172-31-6-241 [eb-cfn-init]: REGION = us-east-1
Sep  6 13:39:34 ip-172-31-6-241 [eb-cfn-init]: GUID =
Sep  6 13:39:34 ip-172-31-6-241 [eb-cfn-init]: HEALTHD_GROUP_ID = 57960afa-f765-462c-996f-d4b2f061db0c
Sep  6 13:39:34 ip-172-31-6-241 [eb-cfn-init]: HEALTHD_ENDPOINT = https://elasticbeanstalk-health.us-east-1.amazonaws.com
Sep  6 13:39:34 ip-172-31-6-241 [eb-cfn-init]: PROXY_SERVER =
Sep  6 13:39:34 ip-172-31-6-241 [eb-cfn-init]: HEALTHD_PROXY_LOG_LOCATION =
Sep  6 13:39:34 ip-172-31-6-241 [eb-cfn-init]: PLATFORM_ASSETS_URL = https://elasticbeanstalk-platform-assets-us-east-1.s3.amazonaws.com/stalks/eb_docker_amazon_linux_2_1.0.754.0_20250821120632
Sep  6 13:39:34 ip-172-31-6-241 [eb-cfn-init]: [2025-09-06T13:39:34.861Z] engine url is set to https://elasticbeanstalk-platform-assets-us-east-1.s3.amazonaws.com/stalks/eb_docker_amazon_linux_2_1.0.754.0_20250821120632/lib/platform-engine.zip
Sep  6 13:39:34 ip-172-31-6-241 [eb-cfn-init]: [2025-09-06T13:39:34.864Z] first init of instance.
Sep  6 13:39:34 ip-172-31-6-241 [eb-cfn-init]: [2025-09-06T13:39:34.866Z] Started executing cfn_init _OnInstanceBoot.
Sep  6 13:39:34 ip-172-31-6-241 [eb-cfn-init]: [2025-09-06T13:39:34.868Z] Running cfn-init ConfigSet: _OnInstanceBoot.
Sep  6 13:39:34 ip-172-31-6-241 [eb-cfn-init]: [2025-09-06T13:39:34.869Z] Using stack-id from userdata
Sep  6 13:39:34 ip-172-31-6-241 amazon-ssm-agent: 2025-09-06 13:39:34.2891 INFO [amazon-ssm-agent] amazon-ssm-agent - v3.3.2299.0
Sep  6 13:39:35 ip-172-31-6-241 amazon-ssm-agent: 2025-09-06 13:39:34.2892 INFO [amazon-ssm-agent] OS: linux, Arch: amd64
Sep  6 13:39:35 ip-172-31-6-241 amazon-ssm-agent: 2025-09-06 13:39:34.2892 INFO [amazon-ssm-agent] Starting Core Agent
Sep  6 13:39:35 ip-172-31-6-241 amazon-ssm-agent: 2025-09-06 13:39:34.2892 INFO [amazon-ssm-agent] Registrar detected. Attempting registration
Sep  6 13:39:35 ip-172-31-6-241 amazon-ssm-agent: 2025-09-06 13:39:34.2892 INFO [Registrar] Starting registrar module
Sep  6 13:39:35 ip-172-31-6-241 amazon-ssm-agent: 2025-09-06 13:39:34.2909 INFO [EC2Identity] Checking disk for registration info
Sep  6 13:39:35 ip-172-31-6-241 amazon-ssm-agent: 2025-09-06 13:39:34.2920 INFO [EC2Identity] No registration info found for ec2 instance, attempting registration
Sep  6 13:39:35 ip-172-31-6-241 amazon-ssm-agent: 2025-09-06 13:39:34.2920 INFO [EC2Identity] Found registration keys
Sep  6 13:39:35 ip-172-31-6-241 amazon-ssm-agent: 2025-09-06 13:39:34.2920 INFO [EC2Identity] Checking write access before registering
Sep  6 13:39:35 ip-172-31-6-241 amazon-ssm-agent: 2025-09-06 13:39:34.2923 INFO [EC2Identity] Registering EC2 instance with Systems Manager
Sep  6 13:39:35 ip-172-31-6-241 amazon-ssm-agent: 2025-09-06 13:39:34.3337 INFO [EC2Identity] EC2 registration was successful.
Sep  6 13:39:36 ip-172-31-6-241 amazon-ssm-agent: 2025-09-06 13:39:34.3337 INFO [amazon-ssm-agent] Registration attempted. Resuming core agent startup.
Sep  6 13:39:36 ip-172-31-6-241 [eb-cfn-init]: [2025-09-06T13:39:36.089Z] Command Returned:
Sep  6 13:39:36 ip-172-31-6-241 [eb-cfn-init]: [2025-09-06T13:39:36.092Z] Completed executing cfn_init.
Sep  6 13:39:36 ip-172-31-6-241 [eb-cfn-init]: [2025-09-06T13:39:36.094Z] finished _OnInstanceBoot
Sep  6 13:39:36 ip-172-31-6-241 [eb-cfn-init]: [2025-09-06T13:39:36.097Z] installing platform engine
Sep  6 13:39:36 ip-172-31-6-241 amazon-ssm-agent: 2025-09-06 13:39:34.3338 INFO [CredentialRefresher] credentialRefresher has started
Sep  6 13:39:36 ip-172-31-6-241 dhclient[2100]: XMT: Solicit on eth0, interval 4270ms.
Sep  6 13:39:36 ip-172-31-6-241 amazon-ssm-agent: 2025-09-06 13:39:34.3338 INFO [CredentialRefresher] Starting credentials refresher loop
Sep  6 13:39:36 ip-172-31-6-241 amazon-ssm-agent: 2025-09-06 13:39:34.3618 WARN EC2RoleProvider Failed to connect to Systems Manager with instance profile role credentials. Err: retrieved credentials failed to report to ssm. Error: AccessDeniedException: User: arn:aws:sts::450703216097:assumed-role/aws-elasticbeanstalk-ec2-role/i-09cbb0d69946b9320 is not authorized to perform: ssm:UpdateInstanceInformation on resource: arn:aws:ec2:us-east-1:450703216097:instance/i-09cbb0d69946b9320 because no identity-based policy allows the ssm:UpdateInstanceInformation action
Sep  6 13:39:36 ip-172-31-6-241 amazon-ssm-agent: 2025-09-06 13:39:34.3897 ERROR EC2RoleProvider Failed to connect to Systems Manager with SSM role credentials. error calling RequestManagedInstanceRoleToken: AccessDeniedException: Systems Manager's instance management role is not configured for account: 450703216097
Sep  6 13:39:36 ip-172-31-6-241 amazon-ssm-agent: status code: 400, request id: 8044a83b-5066-483b-9322-79b0a84591d5
Sep  6 13:39:36 ip-172-31-6-241 amazon-ssm-agent: 2025-09-06 13:39:34.3898 ERROR [CredentialRefresher] Retrieve credentials produced error: no valid credentials could be retrieved for ec2 identity. Default Host Management Err: error calling RequestManagedInstanceRoleToken: AccessDeniedException: Systems Manager's instance management role is not configured for account: 450703216097
Sep  6 13:39:36 ip-172-31-6-241 amazon-ssm-agent: status code: 400, request id: 8044a83b-5066-483b-9322-79b0a84591d5
Sep  6 13:39:36 ip-172-31-6-241 [eb-cfn-init]: 2025-09-06 13:39:36 URL:https://elasticbeanstalk-platform-assets-us-east-1.s3.amazonaws.com/stalks/eb_docker_amazon_linux_2_1.0.754.0_20250821120632/lib/platform-engine.zip [44857079/44857079] -> "/tmp/platform-engine.zip" [1]
Sep  6 13:39:36 ip-172-31-6-241 amazon-ssm-agent: 2025-09-06 13:39:34.3898 INFO [CredentialRefresher] Sleeping for 26m35s before retrying retrieve credentials
Sep  6 13:39:37 ip-172-31-6-241 chronyd[1814]: Selected source 169.254.169.123
Sep  6 13:39:37 ip-172-31-6-241 [eb-cfn-init]: [2025-09-06T13:39:37.397Z] executing platform engine. see /var/log/eb-engine.log.
Sep  6 13:39:38 ip-172-31-6-241 chronyd[1814]: System clock was stepped by 0.755565 seconds
Sep  6 13:39:38 ip-172-31-6-241 systemd: Time has been changed
Sep  6 13:39:38 ip-172-31-6-241 systemd: Reloading.
Sep  6 13:39:39 ip-172-31-6-241 systemd: Reloading.
Sep  6 13:39:39 ip-172-31-6-241 systemd: Reloading.
Sep  6 13:39:39 ip-172-31-6-241 systemd: Starting This is cfn-hup daemon...
Sep  6 13:39:39 ip-172-31-6-241 systemd: Started This is cfn-hup daemon.
Sep  6 13:39:39 ip-172-31-6-241 systemd: Stopping System Logging Service...
Sep  6 13:39:39 ip-172-31-6-241 rsyslogd: [origin software="rsyslogd" swVersion="8.24.0-57.amzn2.2.0.2" x-pid="2299" x-info="http://www.rsyslog.com"] exiting on signal 15.
Sep  6 13:39:39 ip-172-31-6-241 systemd: Stopped System Logging Service.
Sep  6 13:39:39 ip-172-31-6-241 systemd: Starting System Logging Service...
Sep  6 13:39:39 ip-172-31-6-241 rsyslogd: [origin software="rsyslogd" swVersion="8.24.0-57.amzn2.2.0.2" x-pid="2535" x-info="http://www.rsyslog.com"] start
Sep  6 13:39:39 ip-172-31-6-241 systemd: Started System Logging Service.
Sep  6 13:39:39 ip-172-31-6-241 systemd: Reloading.
Sep  6 13:39:39 ip-172-31-6-241 systemd: Starting containerd container runtime...
Sep  6 13:39:39 ip-172-31-6-241 systemd: Starting Docker Socket for the API.
Sep  6 13:39:39 ip-172-31-6-241 systemd: Listening on Docker Socket for the API.
Sep  6 13:39:40 ip-172-31-6-241 containerd: time="2025-09-06T13:39:40.487837710Z" level=info msg="starting containerd" revision=fb4c30d4ede3531652d86197bf3fc9515e5276d9 version=2.0.5
Sep  6 13:39:40 ip-172-31-6-241 containerd: time="2025-09-06T13:39:40.498903259Z" level=info msg="loading plugin" id=io.containerd.image-verifier.v1.bindir type=io.containerd.image-verifier.v1
Sep  6 13:39:40 ip-172-31-6-241 containerd: time="2025-09-06T13:39:40.498954853Z" level=info msg="loading plugin" id=io.containerd.internal.v1.opt type=io.containerd.internal.v1
Sep  6 13:39:40 ip-172-31-6-241 containerd: time="2025-09-06T13:39:40.499081237Z" level=info msg="loading plugin" id=io.containerd.warning.v1.deprecations type=io.containerd.warning.v1
Sep  6 13:39:40 ip-172-31-6-241 containerd: time="2025-09-06T13:39:40.499094933Z" level=info msg="loading plugin" id=io.containerd.content.v1.content type=io.containerd.content.v1
Sep  6 13:39:40 ip-172-31-6-241 containerd: time="2025-09-06T13:39:40.499117377Z" level=info msg="loading plugin" id=io.containerd.snapshotter.v1.blockfile type=io.containerd.snapshotter.v1
Sep  6 13:39:40 ip-172-31-6-241 containerd: time="2025-09-06T13:39:40.499155551Z" level=info msg="skip loading plugin" error="no scratch file generator: skip plugin" id=io.containerd.snapshotter.v1.blockfile type=io.containerd.snapshotter.v1
Sep  6 13:39:40 ip-172-31-6-241 containerd: time="2025-09-06T13:39:40.499164995Z" level=info msg="loading plugin" id=io.containerd.snapshotter.v1.btrfs type=io.containerd.snapshotter.v1
Sep  6 13:39:40 ip-172-31-6-241 containerd: time="2025-09-06T13:39:40.499518595Z" level=info msg="skip loading plugin" error="path /var/lib/containerd/io.containerd.snapshotter.v1.btrfs (xfs) must be a btrfs filesystem to be used with the btrfs snapshotter: skip plugin" id=io.containerd.snapshotter.v1.btrfs type=io.containerd.snapshotter.v1
Sep  6 13:39:40 ip-172-31-6-241 containerd: time="2025-09-06T13:39:40.499542316Z" level=info msg="loading plugin" id=io.containerd.snapshotter.v1.devmapper type=io.containerd.snapshotter.v1
Sep  6 13:39:40 ip-172-31-6-241 containerd: time="2025-09-06T13:39:40.499561340Z" level=info msg="skip loading plugin" error="devmapper not configured: skip plugin" id=io.containerd.snapshotter.v1.devmapper type=io.containerd.snapshotter.v1
Sep  6 13:39:40 ip-172-31-6-241 containerd: time="2025-09-06T13:39:40.499570910Z" level=info msg="loading plugin" id=io.containerd.snapshotter.v1.native type=io.containerd.snapshotter.v1
Sep  6 13:39:40 ip-172-31-6-241 containerd: time="2025-09-06T13:39:40.499704875Z" level=info msg="loading plugin" id=io.containerd.snapshotter.v1.overlayfs type=io.containerd.snapshotter.v1
Sep  6 13:39:40 ip-172-31-6-241 containerd: time="2025-09-06T13:39:40.501894055Z" level=info msg="loading plugin" id=io.containerd.snapshotter.v1.zfs type=io.containerd.snapshotter.v1
Sep  6 13:39:40 ip-172-31-6-241 containerd: time="2025-09-06T13:39:40.501954354Z" level=info msg="skip loading plugin" error="lstat /var/lib/containerd/io.containerd.snapshotter.v1.zfs: no such file or directory: skip plugin" id=io.containerd.snapshotter.v1.zfs type=io.containerd.snapshotter.v1
Sep  6 13:39:40 ip-172-31-6-241 containerd: time="2025-09-06T13:39:40.501983862Z" level=info msg="loading plugin" id=io.containerd.event.v1.exchange type=io.containerd.event.v1
Sep  6 13:39:40 ip-172-31-6-241 containerd: time="2025-09-06T13:39:40.503189625Z" level=info msg="loading plugin" id=io.containerd.monitor.task.v1.cgroups type=io.containerd.monitor.task.v1
Sep  6 13:39:40 ip-172-31-6-241 containerd: time="2025-09-06T13:39:40.504866697Z" level=info msg="loading plugin" id=io.containerd.snapshotter.v1.soci type=io.containerd.snapshotter.v1
Sep  6 13:39:40 ip-172-31-6-241 containerd: time="2025-09-06T13:39:40.504989894Z" level=info msg="loading plugin" id=io.containerd.metadata.v1.bolt type=io.containerd.metadata.v1
Sep  6 13:39:40 ip-172-31-6-241 containerd: time="2025-09-06T13:39:40.505047731Z" level=info msg="metadata content store policy set" policy=shared
Sep  6 13:39:40 ip-172-31-6-241 containerd: time="2025-09-06T13:39:40.512644744Z" level=info msg="loading plugin" id=io.containerd.gc.v1.scheduler type=io.containerd.gc.v1
Sep  6 13:39:40 ip-172-31-6-241 containerd: time="2025-09-06T13:39:40.513166187Z" level=info msg="loading plugin" id=io.containerd.differ.v1.walking type=io.containerd.differ.v1
Sep  6 13:39:40 ip-172-31-6-241 containerd: time="2025-09-06T13:39:40.513193292Z" level=info msg="loading plugin" id=io.containerd.lease.v1.manager type=io.containerd.lease.v1
Sep  6 13:39:40 ip-172-31-6-241 containerd: time="2025-09-06T13:39:40.513212567Z" level=info msg="loading plugin" id=io.containerd.service.v1.containers-service type=io.containerd.service.v1
Sep  6 13:39:40 ip-172-31-6-241 containerd: time="2025-09-06T13:39:40.513238091Z" level=info msg="loading plugin" id=io.containerd.service.v1.content-service type=io.containerd.service.v1
Sep  6 13:39:40 ip-172-31-6-241 containerd: time="2025-09-06T13:39:40.513253714Z" level=info msg="loading plugin" id=io.containerd.service.v1.diff-service type=io.containerd.service.v1
Sep  6 13:39:40 ip-172-31-6-241 containerd: time="2025-09-06T13:39:40.513272245Z" level=info msg="loading plugin" id=io.containerd.service.v1.images-service type=io.containerd.service.v1
Sep  6 13:39:40 ip-172-31-6-241 containerd: time="2025-09-06T13:39:40.513291989Z" level=info msg="loading plugin" id=io.containerd.service.v1.introspection-service type=io.containerd.service.v1
Sep  6 13:39:40 ip-172-31-6-241 containerd: time="2025-09-06T13:39:40.513310781Z" level=info msg="loading plugin" id=io.containerd.service.v1.namespaces-service type=io.containerd.service.v1
Sep  6 13:39:40 ip-172-31-6-241 containerd: time="2025-09-06T13:39:40.513324689Z" level=info msg="loading plugin" id=io.containerd.service.v1.snapshots-service type=io.containerd.service.v1
Sep  6 13:39:40 ip-172-31-6-241 containerd: time="2025-09-06T13:39:40.513338123Z" level=info msg="loading plugin" id=io.containerd.shim.v1.manager type=io.containerd.shim.v1
Sep  6 13:39:40 ip-172-31-6-241 containerd: time="2025-09-06T13:39:40.513350441Z" level=info msg="loading plugin" id=io.containerd.runtime.v2.task type=io.containerd.runtime.v2
Sep  6 13:39:40 ip-172-31-6-241 containerd: time="2025-09-06T13:39:40.513457285Z" level=info msg="loading plugin" id=io.containerd.service.v1.tasks-service type=io.containerd.service.v1
Sep  6 13:39:40 ip-172-31-6-241 containerd: time="2025-09-06T13:39:40.513478448Z" level=info msg="loading plugin" id=io.containerd.grpc.v1.containers type=io.containerd.grpc.v1
Sep  6 13:39:40 ip-172-31-6-241 containerd: time="2025-09-06T13:39:40.513494611Z" level=info msg="loading plugin" id=io.containerd.grpc.v1.content type=io.containerd.grpc.v1
Sep  6 13:39:40 ip-172-31-6-241 containerd: time="2025-09-06T13:39:40.513508671Z" level=info msg="loading plugin" id=io.containerd.grpc.v1.diff type=io.containerd.grpc.v1
Sep  6 13:39:40 ip-172-31-6-241 containerd: time="2025-09-06T13:39:40.513526530Z" level=info msg="loading plugin" id=io.containerd.grpc.v1.events type=io.containerd.grpc.v1
Sep  6 13:39:40 ip-172-31-6-241 containerd: time="2025-09-06T13:39:40.513539569Z" level=info msg="loading plugin" id=io.containerd.grpc.v1.images type=io.containerd.grpc.v1
Sep  6 13:39:40 ip-172-31-6-241 containerd: time="2025-09-06T13:39:40.513557115Z" level=info msg="loading plugin" id=io.containerd.grpc.v1.introspection type=io.containerd.grpc.v1
Sep  6 13:39:40 ip-172-31-6-241 containerd: time="2025-09-06T13:39:40.513578065Z" level=info msg="loading plugin" id=io.containerd.grpc.v1.leases type=io.containerd.grpc.v1
Sep  6 13:39:40 ip-172-31-6-241 containerd: time="2025-09-06T13:39:40.513592857Z" level=info msg="loading plugin" id=io.containerd.grpc.v1.namespaces type=io.containerd.grpc.v1
Sep  6 13:39:40 ip-172-31-6-241 containerd: time="2025-09-06T13:39:40.513605123Z" level=info msg="loading plugin" id=io.containerd.sandbox.store.v1.local type=io.containerd.sandbox.store.v1
Sep  6 13:39:40 ip-172-31-6-241 containerd: time="2025-09-06T13:39:40.513623486Z" level=info msg="loading plugin" id=io.containerd.cri.v1.images type=io.containerd.cri.v1
Sep  6 13:39:40 ip-172-31-6-241 containerd: time="2025-09-06T13:39:40.514155654Z" level=info msg="Get image filesystem path \"/var/lib/containerd/io.containerd.snapshotter.v1.overlayfs\" for snapshotter \"overlayfs\""
Sep  6 13:39:40 ip-172-31-6-241 containerd: time="2025-09-06T13:39:40.514175662Z" level=info msg="Start snapshots syncer"
Sep  6 13:39:40 ip-172-31-6-241 containerd: time="2025-09-06T13:39:40.514197014Z" level=info msg="loading plugin" id=io.containerd.cri.v1.runtime type=io.containerd.cri.v1
Sep  6 13:39:40 ip-172-31-6-241 containerd: time="2025-09-06T13:39:40.514489112Z" level=info msg="starting cri plugin" config="{\"containerd\":{\"defaultRuntimeName\":\"runc\",\"runtimes\":{\"runc\":{\"runtimeType\":\"io.containerd.runc.v2\",\"runtimePath\":\"\",\"PodAnnotations\":null,\"ContainerAnnotations\":null,\"options\":{\"BinaryName\":\"\",\"CriuImagePath\":\"\",\"CriuWorkPath\":\"\",\"IoGid\":0,\"IoUid\":0,\"NoNewKeyring\":false,\"Root\":\"\",\"ShimCgroup\":\"\"},\"privileged_without_host_devices\":false,\"privileged_without_host_devices_all_devices_allowed\":false,\"baseRuntimeSpec\":\"\",\"cniConfDir\":\"\",\"cniMaxConfNum\":0,\"snapshotter\":\"\",\"sandboxer\":\"podsandbox\",\"io_type\":\"\"}},\"ignoreBlockIONotEnabledErrors\":false,\"ignoreRdtNotEnabledErrors\":false},\"cni\":{\"binDir\":\"/opt/cni/bin\",\"confDir\":\"/etc/cni/net.d\",\"maxConfNum\":1,\"setupSerially\":false,\"confTemplate\":\"\",\"ipPref\":\"\",\"useInternalLoopback\":false},\"enableSelinux\":false,\"selinuxCategoryRange\":1024,\"maxContainerLogSize\":16384,\"disableApparmor\":false,\"restrictOOMScoreAdj\":false,\"disableProcMount\":false,\"unsetSeccompProfile\":\"\",\"tolerateMissingHugetlbController\":true,\"disableHugetlbController\":true,\"device_ownership_from_security_context\":false,\"ignoreImageDefinedVolumes\":false,\"netnsMountsUnderStateDir\":false,\"enableUnprivilegedPorts\":true,\"enableUnprivilegedICMP\":true,\"enableCDI\":true,\"cdiSpecDirs\":[\"/etc/cdi\",\"/var/run/cdi\"],\"drainExecSyncIOTimeout\":\"0s\",\"ignoreDeprecationWarnings\":null,\"containerdRootDir\":\"/var/lib/containerd\",\"containerdEndpoint\":\"/run/containerd/containerd.sock\",\"rootDir\":\"/var/lib/containerd/io.containerd.grpc.v1.cri\",\"stateDir\":\"/run/containerd/io.containerd.grpc.v1.cri\"}"
Sep  6 13:39:40 ip-172-31-6-241 containerd: time="2025-09-06T13:39:40.514543170Z" level=info msg="loading plugin" id=io.containerd.podsandbox.controller.v1.podsandbox type=io.containerd.podsandbox.controller.v1
Sep  6 13:39:40 ip-172-31-6-241 containerd: time="2025-09-06T13:39:40.515603601Z" level=info msg="loading plugin" id=io.containerd.sandbox.controller.v1.shim type=io.containerd.sandbox.controller.v1
Sep  6 13:39:40 ip-172-31-6-241 containerd: time="2025-09-06T13:39:40.515770782Z" level=info msg="loading plugin" id=io.containerd.grpc.v1.sandbox-controllers type=io.containerd.grpc.v1
Sep  6 13:39:40 ip-172-31-6-241 containerd: time="2025-09-06T13:39:40.515807755Z" level=info msg="loading plugin" id=io.containerd.grpc.v1.sandboxes type=io.containerd.grpc.v1
Sep  6 13:39:40 ip-172-31-6-241 containerd: time="2025-09-06T13:39:40.515824806Z" level=info msg="loading plugin" id=io.containerd.grpc.v1.snapshots type=io.containerd.grpc.v1
Sep  6 13:39:40 ip-172-31-6-241 containerd: time="2025-09-06T13:39:40.515844284Z" level=info msg="loading plugin" id=io.containerd.streaming.v1.manager type=io.containerd.streaming.v1
Sep  6 13:39:40 ip-172-31-6-241 containerd: time="2025-09-06T13:39:40.515865552Z" level=info msg="loading plugin" id=io.containerd.grpc.v1.streaming type=io.containerd.grpc.v1
Sep  6 13:39:40 ip-172-31-6-241 containerd: time="2025-09-06T13:39:40.515879590Z" level=info msg="loading plugin" id=io.containerd.grpc.v1.tasks type=io.containerd.grpc.v1
Sep  6 13:39:40 ip-172-31-6-241 containerd: time="2025-09-06T13:39:40.515896859Z" level=info msg="loading plugin" id=io.containerd.transfer.v1.local type=io.containerd.transfer.v1
Sep  6 13:39:40 ip-172-31-6-241 containerd: time="2025-09-06T13:39:40.515937684Z" level=info msg="loading plugin" id=io.containerd.grpc.v1.transfer type=io.containerd.grpc.v1
Sep  6 13:39:40 ip-172-31-6-241 containerd: time="2025-09-06T13:39:40.515958829Z" level=info msg="loading plugin" id=io.containerd.grpc.v1.version type=io.containerd.grpc.v1
Sep  6 13:39:40 ip-172-31-6-241 containerd: time="2025-09-06T13:39:40.515975537Z" level=info msg="loading plugin" id=io.containerd.monitor.container.v1.restart type=io.containerd.monitor.container.v1
Sep  6 13:39:40 ip-172-31-6-241 containerd: time="2025-09-06T13:39:40.516016287Z" level=info msg="loading plugin" id=io.containerd.tracing.processor.v1.otlp type=io.containerd.tracing.processor.v1
Sep  6 13:39:40 ip-172-31-6-241 containerd: time="2025-09-06T13:39:40.516034092Z" level=info msg="skip loading plugin" error="skip plugin: tracing endpoint not configured" id=io.containerd.tracing.processor.v1.otlp type=io.containerd.tracing.processor.v1
Sep  6 13:39:40 ip-172-31-6-241 containerd: time="2025-09-06T13:39:40.516042794Z" level=info msg="loading plugin" id=io.containerd.internal.v1.tracing type=io.containerd.internal.v1
Sep  6 13:39:40 ip-172-31-6-241 containerd: time="2025-09-06T13:39:40.516055398Z" level=info msg="skip loading plugin" error="skip plugin: tracing endpoint not configured" id=io.containerd.internal.v1.tracing type=io.containerd.internal.v1
Sep  6 13:39:40 ip-172-31-6-241 containerd: time="2025-09-06T13:39:40.516066910Z" level=info msg="loading plugin" id=io.containerd.ttrpc.v1.otelttrpc type=io.containerd.ttrpc.v1
Sep  6 13:39:40 ip-172-31-6-241 containerd: time="2025-09-06T13:39:40.516079407Z" level=info msg="loading plugin" id=io.containerd.grpc.v1.healthcheck type=io.containerd.grpc.v1
Sep  6 13:39:40 ip-172-31-6-241 containerd: time="2025-09-06T13:39:40.516090818Z" level=info msg="loading plugin" id=io.containerd.nri.v1.nri type=io.containerd.nri.v1
Sep  6 13:39:40 ip-172-31-6-241 containerd: time="2025-09-06T13:39:40.516399828Z" level=info msg="runtime interface created"
Sep  6 13:39:40 ip-172-31-6-241 containerd: time="2025-09-06T13:39:40.516421037Z" level=info msg="created NRI interface"
Sep  6 13:39:40 ip-172-31-6-241 containerd: time="2025-09-06T13:39:40.516457419Z" level=info msg="loading plugin" id=io.containerd.grpc.v1.cri type=io.containerd.grpc.v1
Sep  6 13:39:40 ip-172-31-6-241 containerd: time="2025-09-06T13:39:40.516473753Z" level=info msg="Connect containerd service"
Sep  6 13:39:40 ip-172-31-6-241 containerd: time="2025-09-06T13:39:40.516537544Z" level=info msg="using experimental NRI integration - disable nri plugin to prevent this"
Sep  6 13:39:40 ip-172-31-6-241 containerd: time="2025-09-06T13:39:40.524453384Z" level=error msg="failed to load cni during init, please check CRI plugin status before setting up network for pods" error="cni config load failed: no network config found in /etc/cni/net.d: cni plugin not initialized: failed to load cni config"
Sep  6 13:39:40 ip-172-31-6-241 containerd: time="2025-09-06T13:39:40.904499086Z" level=info msg="Start subscribing containerd event"
Sep  6 13:39:40 ip-172-31-6-241 containerd: time="2025-09-06T13:39:40.904757362Z" level=info msg="Start recovering state"
Sep  6 13:39:40 ip-172-31-6-241 containerd: time="2025-09-06T13:39:40.904862611Z" level=info msg="Start event monitor"
Sep  6 13:39:40 ip-172-31-6-241 containerd: time="2025-09-06T13:39:40.904874913Z" level=info msg="Start cni network conf syncer for default"
Sep  6 13:39:40 ip-172-31-6-241 containerd: time="2025-09-06T13:39:40.904882162Z" level=info msg="Start streaming server"
Sep  6 13:39:40 ip-172-31-6-241 containerd: time="2025-09-06T13:39:40.904892497Z" level=info msg="Registered namespace \"k8s.io\" with NRI"
Sep  6 13:39:40 ip-172-31-6-241 containerd: time="2025-09-06T13:39:40.904899822Z" level=info msg="runtime interface starting up..."
Sep  6 13:39:40 ip-172-31-6-241 containerd: time="2025-09-06T13:39:40.904905362Z" level=info msg="starting plugins..."
Sep  6 13:39:40 ip-172-31-6-241 containerd: time="2025-09-06T13:39:40.904915485Z" level=info msg="Synchronizing NRI (plugin) with current runtime state"
Sep  6 13:39:40 ip-172-31-6-241 containerd: time="2025-09-06T13:39:40.904701939Z" level=info msg=serving... address=/run/containerd/containerd.sock.ttrpc
Sep  6 13:39:40 ip-172-31-6-241 containerd: time="2025-09-06T13:39:40.905037445Z" level=info msg=serving... address=/run/containerd/containerd.sock
Sep  6 13:39:40 ip-172-31-6-241 systemd: Started containerd container runtime.
Sep  6 13:39:40 ip-172-31-6-241 containerd: time="2025-09-06T13:39:40.906973581Z" level=info msg="containerd successfully booted in 0.420277s"
Sep  6 13:39:40 ip-172-31-6-241 systemd: Starting Docker Application Container Engine...
Sep  6 13:39:41 ip-172-31-6-241 dhclient[2100]: XMT: Solicit on eth0, interval 8480ms.
Sep  6 13:39:42 ip-172-31-6-241 docker: time="2025-09-06T13:39:42.420166993Z" level=info msg="Starting up"
Sep  6 13:39:42 ip-172-31-6-241 docker: time="2025-09-06T13:39:42.571296209Z" level=info msg="Loading containers: start."
Sep  6 13:39:42 ip-172-31-6-241 kernel: bridge: filtering via arp/ip/ip6tables is no longer available by default. Update your scripts to load br_netfilter if you need this.
Sep  6 13:39:42 ip-172-31-6-241 kernel: Bridge firewalling registered
Sep  6 13:39:42 ip-172-31-6-241 kernel: bpfilter: Loaded bpfilter_umh pid 2630
Sep  6 13:39:42 ip-172-31-6-241 journal: Started bpfilter
Sep  6 13:39:42 ip-172-31-6-241 kernel: Initializing XFRM netlink socket
Sep  6 13:39:42 ip-172-31-6-241 docker: time="2025-09-06T13:39:42.914506066Z" level=info msg="Loading containers: done."
Sep  6 13:39:42 ip-172-31-6-241 docker: time="2025-09-06T13:39:42.946570842Z" level=info msg="Docker daemon" commit=71907ca containerd-snapshotter=false storage-driver=overlay2 version=25.0.8
Sep  6 13:39:42 ip-172-31-6-241 docker: time="2025-09-06T13:39:42.947715041Z" level=info msg="Daemon has completed initialization"
Sep  6 13:39:42 ip-172-31-6-241 docker: time="2025-09-06T13:39:42.994093465Z" level=info msg="API listen on /run/docker.sock"
Sep  6 13:39:43 ip-172-31-6-241 systemd: Started Docker Application Container Engine.
Sep  6 13:39:43 ip-172-31-6-241 systemd: Reloading.
Sep  6 13:39:43 ip-172-31-6-241 systemd: Reloading.
Sep  6 13:39:43 ip-172-31-6-241 systemd: Starting This is eb-docker-events daemon...
Sep  6 13:39:43 ip-172-31-6-241 systemd: Started This is eb-docker-events daemon.
Sep  6 13:39:43 ip-172-31-6-241 [eb-cfn-init]: [2025-09-06T13:39:43.237Z] Successfully bootstrapped instance.
Sep  6 13:39:43 ip-172-31-6-241 [eb-cfn-init]: [2025-09-06T13:39:43.242Z] Sending signal 0 to CFN wait condition https://cloudformation-waitcondition-us-east-1.s3.amazonaws.com/arn%3Aaws%3Acloudformation%3Aus-east-1%3A450703216097%3Astack/awseb-e-nyjmkb2fck-stack/d2770940-8b26-11f0-ac10-0afff56b82b7/d2792c20-8b26-11f0-ac10-0afff56b82b7/AWSEBInstanceLaunchWaitHandle?X-Amz-Algorithm=AWS4-HMAC-SHA256&X-Amz-Date=20250906T133853Z&X-Amz-SignedHeaders=host&X-Amz-Expires=86399&X-Amz-Credential=AKIA6L7Q4OWT3JRXU3BZ%2F20250906%2Fus-east-1%2Fs3%2Faws4_request&X-Amz-Signature=a749266fb24ddf54c30b6abc2934b8c56a812384503b2d435f7398e5d49983be
Sep  6 13:39:43 ip-172-31-6-241 [eb-cfn-init]: CloudFormation signaled successfully with status SUCCESS
Sep  6 13:39:43 ip-172-31-6-241 [eb-cfn-init]: [2025-09-06T13:39:43.537Z] Tailing /var/log/eb-engine.log
Sep  6 13:39:43 ip-172-31-6-241 [eb-cfn-init]: 
Sep  6 13:39:43 ip-172-31-6-241 [eb-cfn-init]: ******************* eb-engine taillog *******************
Sep  6 13:39:43 ip-172-31-6-241 [eb-cfn-init]: 2025/09/06 13:39:38.986352 [INFO] cfn-hup is not registered with EB yet, registering it now
Sep  6 13:39:43 ip-172-31-6-241 [eb-cfn-init]: 2025/09/06 13:39:38.986392 [INFO] Running command: systemctl show -p PartOf cfn-hup.service
Sep  6 13:39:43 ip-172-31-6-241 [eb-cfn-init]: 2025/09/06 13:39:38.994670 [INFO] Running command: systemctl daemon-reload
Sep  6 13:39:43 ip-172-31-6-241 [eb-cfn-init]: 2025/09/06 13:39:39.060727 [INFO] Running command: systemctl reset-failed
Sep  6 13:39:43 ip-172-31-6-241 [eb-cfn-init]: 2025/09/06 13:39:39.065704 [INFO] Running command: systemctl is-enabled aws-eb.target
Sep  6 13:39:43 ip-172-31-6-241 [eb-cfn-init]: 2025/09/06 13:39:39.070562 [INFO] Running command: systemctl enable aws-eb.target
Sep  6 13:39:43 ip-172-31-6-241 [eb-cfn-init]: 2025/09/06 13:39:39.125871 [INFO] Running command: systemctl start aws-eb.target
Sep  6 13:39:43 ip-172-31-6-241 [eb-cfn-init]: 2025/09/06 13:39:39.131058 [INFO] Running command: systemctl enable cfn-hup.service
Sep  6 13:39:43 ip-172-31-6-241 [eb-cfn-init]: 2025/09/06 13:39:39.187312 [INFO] Created symlink from /etc/systemd/system/multi-user.target.wants/cfn-hup.service to /etc/systemd/system/cfn-hup.service.
Sep  6 13:39:43 ip-172-31-6-241 [eb-cfn-init]: 
Sep  6 13:39:43 ip-172-31-6-241 [eb-cfn-init]: 2025/09/06 13:39:39.187351 [INFO] Running command: systemctl is-active cfn-hup.service
Sep  6 13:39:43 ip-172-31-6-241 [eb-cfn-init]: 2025/09/06 13:39:39.192254 [INFO] cfn-hup process is not running, starting it now
Sep  6 13:39:43 ip-172-31-6-241 [eb-cfn-init]: 2025/09/06 13:39:39.192273 [INFO] Running command: systemctl show -p PartOf cfn-hup.service
Sep  6 13:39:43 ip-172-31-6-241 [eb-cfn-init]: 2025/09/06 13:39:39.196641 [INFO] Running command: systemctl is-active cfn-hup.service
Sep  6 13:39:43 ip-172-31-6-241 [eb-cfn-init]: 2025/09/06 13:39:39.200133 [INFO] Running command: systemctl start cfn-hup.service
Sep  6 13:39:43 ip-172-31-6-241 [eb-cfn-init]: 2025/09/06 13:39:39.238401 [INFO] Instance has NOT been bootstrapped
Sep  6 13:39:43 ip-172-31-6-241 [eb-cfn-init]: 2025/09/06 13:39:39.238416 [INFO] Executing instruction: SetupPublishLogCronjob
Sep  6 13:39:43 ip-172-31-6-241 [eb-cfn-init]: 2025/09/06 13:39:39.238420 [INFO] Setup publish logs cron job...
Sep  6 13:39:43 ip-172-31-6-241 [eb-cfn-init]: 2025/09/06 13:39:39.238424 [INFO] Copying file /opt/elasticbeanstalk/config/private/logtasks/cron/publishlogs to /etc/cron.d/publishlogs
Sep  6 13:39:43 ip-172-31-6-241 [eb-cfn-init]: 2025/09/06 13:39:39.240681 [INFO] Executing instruction: Start Docker
Sep  6 13:39:43 ip-172-31-6-241 [eb-cfn-init]: 2025/09/06 13:39:39.240693 [INFO] Starting Docker...
Sep  6 13:39:43 ip-172-31-6-241 [eb-cfn-init]: 2025/09/06 13:39:39.240750 [INFO] Copying file /opt/elasticbeanstalk/config/private/docker-log.conf to /etc/systemd/system/docker.service.d/docker-log.conf
Sep  6 13:39:43 ip-172-31-6-241 [eb-cfn-init]: 2025/09/06 13:39:39.242864 [INFO] Copying file /opt/elasticbeanstalk/config/private/docker-rsyslog.conf to /etc/rsyslog.d/docker-log.conf
Sep  6 13:39:43 ip-172-31-6-241 [eb-cfn-init]: 2025/09/06 13:39:39.245155 [INFO] Running command: systemctl restart rsyslog.service
Sep  6 13:39:43 ip-172-31-6-241 [eb-cfn-init]: 2025/09/06 13:39:39.277157 [INFO] Running command: systemctl show -p PartOf docker.service
Sep  6 13:39:43 ip-172-31-6-241 [eb-cfn-init]: 2025/09/06 13:39:39.291294 [INFO] Running command: systemctl daemon-reload
Sep  6 13:39:43 ip-172-31-6-241 [eb-cfn-init]: 2025/09/06 13:39:39.375293 [INFO] Running command: systemctl reset-failed
Sep  6 13:39:43 ip-172-31-6-241 [eb-cfn-init]: 2025/09/06 13:39:39.381396 [INFO] Running command: systemctl show -p PartOf docker.service
Sep  6 13:39:43 ip-172-31-6-241 [eb-cfn-init]: 2025/09/06 13:39:39.389875 [INFO] Running command: systemctl restart docker.service
Sep  6 13:39:43 ip-172-31-6-241 [eb-cfn-init]: 2025/09/06 13:39:43.003697 [INFO] Instance has NOT been bootstrapped
Sep  6 13:39:43 ip-172-31-6-241 [eb-cfn-init]: 2025/09/06 13:39:43.003710 [INFO] Executing instruction: Setup Docker Options
Sep  6 13:39:43 ip-172-31-6-241 [eb-cfn-init]: 2025/09/06 13:39:43.003713 [INFO] Setting up configurations for docker platform
Sep  6 13:39:43 ip-172-31-6-241 [eb-cfn-init]: 2025/09/06 13:39:43.020341 [INFO] Running command: systemctl show -p PartOf eb-docker-events.service
Sep  6 13:39:43 ip-172-31-6-241 [eb-cfn-init]: 2025/09/06 13:39:43.027821 [INFO] Running command: systemctl daemon-reload
Sep  6 13:39:43 ip-172-31-6-241 [eb-cfn-init]: 2025/09/06 13:39:43.115105 [INFO] Running command: systemctl reset-failed
Sep  6 13:39:43 ip-172-31-6-241 [eb-cfn-init]: 2025/09/06 13:39:43.120447 [INFO] Running command: systemctl enable eb-docker-events.service
Sep  6 13:39:43 ip-172-31-6-241 [eb-cfn-init]: 2025/09/06 13:39:43.190871 [INFO] Created symlink from /etc/systemd/system/docker.service.wants/eb-docker-events.service to /etc/systemd/system/eb-docker-events.service.
Sep  6 13:39:43 ip-172-31-6-241 [eb-cfn-init]: 
Sep  6 13:39:43 ip-172-31-6-241 [eb-cfn-init]: 2025/09/06 13:39:43.190899 [INFO] Running command: systemctl show -p PartOf eb-docker-events.service
Sep  6 13:39:43 ip-172-31-6-241 [eb-cfn-init]: 2025/09/06 13:39:43.197060 [INFO] Running command: systemctl is-active eb-docker-events.service
Sep  6 13:39:43 ip-172-31-6-241 [eb-cfn-init]: 2025/09/06 13:39:43.201149 [INFO] Running command: systemctl start eb-docker-events.service
